Component: ARM Compiler 5.06 update 6 (build 750) Tool: armlink [4d35ed]

==============================================================================

Section Cross References

    main.o(i.main) refers to user_code.o(i.Init) for Init
    main.o(i.main) refers to user_code.o(i.Test) for Test
    stm32f4xx_it.o(i.CAN1_RX0_IRQHandler) refers to stm32f4xx_can.o(i.CAN_GetITStatus) for CAN_GetITStatus
    stm32f4xx_it.o(i.CAN1_RX0_IRQHandler) refers to stm32f4xx_can.o(i.CAN_Receive) for CAN_Receive
    stm32f4xx_it.o(i.CAN1_RX0_IRQHandler) refers to m3508_motor.o(i.M3508_getInfo) for M3508_getInfo
    stm32f4xx_it.o(i.CAN1_RX0_IRQHandler) refers to stm32f4xx_can.o(i.CAN_ClearITPendingBit) for CAN_ClearITPendingBit
    stm32f4xx_it.o(i.TIM6_DAC_IRQHandler) refers to stm32f4xx_tim.o(i.TIM_GetITStatus) for TIM_GetITStatus
    stm32f4xx_it.o(i.TIM6_DAC_IRQHandler) refers to chassis_control.o(i.Chassis_processing) for Chassis_processing
    stm32f4xx_it.o(i.TIM6_DAC_IRQHandler) refers to stm32f4xx_tim.o(i.TIM_ClearITPendingBit) for TIM_ClearITPendingBit
    stm32f4xx_it.o(i.TIM6_DAC_IRQHandler) refers to dr16_receiver.o(.data) for ControlStatus
    stm32f4xx_it.o(i.TIM6_DAC_IRQHandler) refers to dr16_receiver.o(.bss) for dr16_rocker_L
    stm32f4xx_it.o(i.USART1_IRQHandler) refers to stm32f4xx_usart.o(i.USART_GetITStatus) for USART_GetITStatus
    stm32f4xx_it.o(i.USART1_IRQHandler) refers to stm32f4xx_dma.o(i.DMA_Cmd) for DMA_Cmd
    stm32f4xx_it.o(i.USART1_IRQHandler) refers to stm32f4xx_dma.o(i.DMA_GetCurrDataCounter) for DMA_GetCurrDataCounter
    stm32f4xx_it.o(i.USART1_IRQHandler) refers to dr16_receiver.o(i.DR16_dataProcess) for DR16_dataProcess
    stm32f4xx_it.o(i.USART1_IRQHandler) refers to stm32f4xx_dma.o(i.DMA_SetCurrDataCounter) for DMA_SetCurrDataCounter
    stm32f4xx_it.o(i.USART1_IRQHandler) refers to dr16_receiver.o(.bss) for DR16_rxBuff
    user_code.o(i.Init) refers to led.o(i.LED_GPIO_Config) for LED_GPIO_Config
    user_code.o(i.Init) refers to key.o(i.KEY_GPIO_Config) for KEY_GPIO_Config
    user_code.o(i.Init) refers to can.o(i.CAN1_QuickInit) for CAN1_QuickInit
    user_code.o(i.Init) refers to dr16_receiver.o(i.DR16_receiverInit) for DR16_receiverInit
    user_code.o(i.Init) refers to delay.o(i.delay_ms) for delay_ms
    user_code.o(i.Init) refers to chassis_control.o(i.Chassis_Init) for Chassis_Init
    user_code.o(i.Init) refers to usart.o(i.USART2_QuickInit) for USART2_QuickInit
    user_code.o(i.Init) refers to tim.o(i.TIM6_CounterMode) for TIM6_CounterMode
    chassis_control.o(i.Chassis_Init) refers to pid.o(i.IncrementalPID_paraReset) for IncrementalPID_paraReset
    chassis_control.o(i.Chassis_Init) refers to chassis_control.o(.bss) for Chassis
    chassis_control.o(i.Chassis_Init) refers to m3508_motor.o(.bss) for M3508s
    chassis_control.o(i.Chassis_processing) refers to m3508_motor.o(i.M3508_setCurrent) for M3508_setCurrent
    chassis_control.o(i.Chassis_processing) refers to filter.o(i.Filter_IIRLPF) for Filter_IIRLPF
    chassis_control.o(i.Chassis_processing) refers to chassis_control.o(i.MecanumCalculate) for MecanumCalculate
    chassis_control.o(i.Chassis_processing) refers to pid.o(i.Incremental_PID) for Incremental_PID
    chassis_control.o(i.Chassis_processing) refers to dr16_receiver.o(.bss) for dr16_data
    chassis_control.o(i.Chassis_processing) refers to chassis_control.o(.bss) for Chassis
    chassis_control.o(i.Chassis_processing) refers to m3508_motor.o(.bss) for M3508s
    devicesmonitor.o(i.DevicesMonitor_update) refers to m3508_motor.o(.bss) for M3508s
    devicesmonitor.o(i.DevicesMonitor_update) refers to dr16_receiver.o(.bss) for dr16_data
    pid.o(i.Incremental_PID) refers to pid.o(i.abs_limit) for abs_limit
    pid.o(i.Position_PID) refers to pid.o(i.abs_limit) for abs_limit
    pid.o(i.Position_PID) refers to pid.o(.data) for Test_I
    m3508_motor.o(i.M3508_getInfo) refers to m3508_motor.o(.bss) for M3508s
    m3508_motor.o(i.M3508_setCurrent) refers to can.o(i.CAN_SendData) for CAN_SendData
    dr16_receiver.o(i.DR16_dataProcess) refers to dr16_receiver.o(i.Rocker_getData) for Rocker_getData
    dr16_receiver.o(i.DR16_dataProcess) refers to dr16_receiver.o(.bss) for dr16_data
    dr16_receiver.o(i.DR16_dataProcess) refers to dr16_receiver.o(.data) for ControlStatus
    dr16_receiver.o(i.DR16_receiverInit) refers to usart.o(i.USART1_QuickInit) for USART1_QuickInit
    dr16_receiver.o(i.DR16_receiverInit) refers to usart.o(i.USART1_RXDMA_Config) for USART1_RXDMA_Config
    dr16_receiver.o(i.DR16_receiverInit) refers to dr16_receiver.o(.bss) for DR16_rxBuff
    dr16_receiver.o(i.Rocker_getData) refers to f2d.o(.text) for __aeabi_f2d
    dr16_receiver.o(i.Rocker_getData) refers to atan2.o(i.__hardfp_atan2) for __hardfp_atan2
    dr16_receiver.o(i.Rocker_getData) refers to d2f.o(.text) for __aeabi_d2f
    ano.o(i.ANO_Send_Data_V1) refers to usart.o(i.USART_sendChar) for USART_sendChar
    ano.o(i.ANO_Send_Data_V1) refers to ano.o(.bss) for send_buf
[...]
    Removing stm32f4xx_rcc.o(i.RCC_PLLConfig), (36 bytes).
    Removing stm32f4xx_rcc.o(i.RCC_PLLI2SCmd), (12 bytes).
    Removing stm32f4xx_rcc.o(i.RCC_PLLI2SConfig), (24 bytes).
    Removing stm32f4xx_rcc.o(i.RCC_PLLSAICmd), (12 bytes).
    Removing stm32f4xx_rcc.o(i.RCC_PLLSAIConfig), (24 bytes).
    Removing stm32f4xx_rcc.o(i.RCC_RTCCLKCmd), (12 bytes).
    Removing stm32f4xx_rcc.o(i.RCC_RTCCLKConfig), (60 bytes).
    Removing stm32f4xx_rcc.o(i.RCC_SAIBlockACLKConfig), (24 bytes).
    Removing stm32f4xx_rcc.o(i.RCC_SAIBlockBCLKConfig), (24 bytes).
    Removing stm32f4xx_rcc.o(i.RCC_SAIPLLI2SClkDivConfig), (28 bytes).
    Removing stm32f4xx_rcc.o(i.RCC_SAIPLLSAIClkDivConfig), (28 bytes).
    Removing stm32f4xx_rcc.o(i.RCC_SYSCLKConfig), (24 bytes).
    Removing stm32f4xx_rcc.o(i.RCC_TIMCLKPresConfig), (12 bytes).
    Removing stm32f4xx_rcc.o(i.RCC_WaitForHSEStartUp), (56 bytes).
    Removing stm32f4xx_rng.o(.rev16_text), (4 bytes).
    Removing stm32f4xx_rng.o(.revsh_text), (4 bytes).
    Removing stm32f4xx_rng.o(.rrx_text), (6 bytes).
    Removing stm32f4xx_rng.o(i.RNG_ClearFlag), (16 bytes).
    Removing stm32f4xx_rng.o(i.RNG_ClearITPendingBit), (16 bytes).
    Removing stm32f4xx_rng.o(i.RNG_Cmd), (36 bytes).
    Removing stm32f4xx_rng.o(i.RNG_DeInit), (20 bytes).
    Removing stm32f4xx_rng.o(i.RNG_GetFlagStatus), (24 bytes).
    Removing stm32f4xx_rng.o(i.RNG_GetITStatus), (24 bytes).
    Removing stm32f4xx_rng.o(i.RNG_GetRandomNumber), (12 bytes).
    Removing stm32f4xx_rng.o(i.RNG_ITConfig), (36 bytes).
    Removing stm32f4xx_rtc.o(.rev16_text), (4 bytes).
    Removing stm32f4xx_rtc.o(.revsh_text), (4 bytes).
    Removing stm32f4xx_rtc.o(.rrx_text), (6 bytes).
    Removing stm32f4xx_rtc.o(i.RTC_AlarmCmd), (116 bytes).
    Removing stm32f4xx_rtc.o(i.RTC_AlarmStructInit), (22 bytes).
    Removing stm32f4xx_rtc.o(i.RTC_AlarmSubSecondConfig), (52 bytes).
    Removing stm32f4xx_rtc.o(i.RTC_Bcd2ToByte), (22 bytes).
    Removing stm32f4xx_rtc.o(i.RTC_BypassShadowCmd), (60 bytes).
    Removing stm32f4xx_rtc.o(i.RTC_ByteToBcd2), (28 bytes).
    Removing stm32f4xx_rtc.o(i.RTC_CalibOutputCmd), (60 bytes).
    Removing stm32f4xx_rtc.o(i.RTC_CalibOutputConfig), (48 bytes).
    Removing stm32f4xx_rtc.o(i.RTC_ClearFlag), (28 bytes).
    Removing stm32f4xx_rtc.o(i.RTC_ClearITPendingBit), (32 bytes).
    Removing stm32f4xx_rtc.o(i.RTC_CoarseCalibCmd), (80 bytes).
    Removing stm32f4xx_rtc.o(i.RTC_CoarseCalibConfig), (56 bytes).
    Removing stm32f4xx_rtc.o(i.RTC_DateStructInit), (14 bytes).
    Removing stm32f4xx_rtc.o(i.RTC_DayLightSavingConfig), (56 bytes).
    Removing stm32f4xx_rtc.o(i.RTC_DeInit), (212 bytes).
    Removing stm32f4xx_rtc.o(i.RTC_EnterInitMode), (80 bytes).
    Removing stm32f4xx_rtc.o(i.RTC_ExitInitMode), (20 bytes).
    Removing stm32f4xx_rtc.o(i.RTC_GetAlarm), (116 bytes).
    Removing stm32f4xx_rtc.o(i.RTC_GetAlarmSubSecond), (36 bytes).
    Removing stm32f4xx_rtc.o(i.RTC_GetDate), (76 bytes).
    Removing stm32f4xx_rtc.o(i.RTC_GetFlagStatus), (40 bytes).
    Removing stm32f4xx_rtc.o(i.RTC_GetITStatus), (68 bytes).
    Removing stm32f4xx_rtc.o(i.RTC_GetStoreOperation), (16 bytes).
    Removing stm32f4xx_rtc.o(i.RTC_GetSubSecond), (20 bytes).
    Removing stm32f4xx_rtc.o(i.RTC_GetTime), (80 bytes).
    Removing stm32f4xx_rtc.o(i.RTC_GetTimeStamp), (156 bytes).
    Removing stm32f4xx_rtc.o(i.RTC_GetTimeStampSubSecond), (12 bytes).
    Removing stm32f4xx_rtc.o(i.RTC_GetWakeUpCounter), (12 bytes).
    Removing stm32f4xx_rtc.o(i.RTC_ITConfig), (100 bytes).
    Removing stm32f4xx_rtc.o(i.RTC_Init), (100 bytes).
    Removing stm32f4xx_rtc.o(i.RTC_OutputConfig), (56 bytes).
    Removing stm32f4xx_rtc.o(i.RTC_OutputTypeConfig), (28 bytes).
    Removing stm32f4xx_rtc.o(i.RTC_ReadBackupRegister), (32 bytes).
    Removing stm32f4xx_rtc.o(i.RTC_RefClockCmd), (80 bytes).
    Removing stm32f4xx_rtc.o(i.RTC_SetAlarm), (236 bytes).
    Removing stm32f4xx_rtc.o(i.RTC_SetDate), (200 bytes).
    Removing stm32f4xx_rtc.o(i.RTC_SetTime), (208 bytes).
    Removing stm32f4xx_rtc.o(i.RTC_SetWakeUpCounter), (28 bytes).
    Removing stm32f4xx_rtc.o(i.RTC_SmoothCalibConfig), (96 bytes).
    Removing stm32f4xx_rtc.o(i.RTC_StructInit), (14 bytes).
    Removing stm32f4xx_rtc.o(i.RTC_SynchroShiftConfig), (124 bytes).
    Removing stm32f4xx_rtc.o(i.RTC_TamperCmd), (32 bytes).
    Removing stm32f4xx_rtc.o(i.RTC_TamperFilterConfig), (28 bytes).
    Removing stm32f4xx_rtc.o(i.RTC_TamperPinSelection), (28 bytes).
    Removing stm32f4xx_rtc.o(i.RTC_TamperPinsPrechargeDuration), (28 bytes).
    Removing stm32f4xx_rtc.o(i.RTC_TamperPullUpCmd), (36 bytes).
    Removing stm32f4xx_rtc.o(i.RTC_TamperSamplingFreqConfig), (28 bytes).
    Removing stm32f4xx_rtc.o(i.RTC_TamperTriggerConfig), (36 bytes).
    Removing stm32f4xx_rtc.o(i.RTC_TimeStampCmd), (56 bytes).
    Removing stm32f4xx_rtc.o(i.RTC_TimeStampOnTamperDetectionCmd), (36 bytes).
    Removing stm32f4xx_rtc.o(i.RTC_TimeStampPinSelection), (28 bytes).
    Removing stm32f4xx_rtc.o(i.RTC_TimeStructInit), (12 bytes).
    Removing stm32f4xx_rtc.o(i.RTC_WaitForSynchro), (96 bytes).
    Removing stm32f4xx_rtc.o(i.RTC_WakeUpClockConfig), (48 bytes).
    Removing stm32f4xx_rtc.o(i.RTC_WakeUpCmd), (120 bytes).
    Removing stm32f4xx_rtc.o(i.RTC_WriteBackupRegister), (28 bytes).
    Removing stm32f4xx_rtc.o(i.RTC_WriteProtectionCmd), (28 bytes).
    Removing stm32f4xx_sai.o(.rev16_text), (4 bytes).
    Removing stm32f4xx_sai.o(.revsh_text), (4 bytes).
    Removing stm32f4xx_sai.o(.rrx_text), (6 bytes).
    Removing stm32f4xx_sai.o(i.SAI_BlockSynchroConfig), (44 bytes).
    Removing stm32f4xx_sai.o(i.SAI_ClearFlag), (8 bytes).
    Removing stm32f4xx_sai.o(i.SAI_ClearITPendingBit), (8 bytes).
    Removing stm32f4xx_sai.o(i.SAI_Cmd), (22 bytes).
    Removing stm32f4xx_sai.o(i.SAI_CompandingModeConfig), (16 bytes).
    Removing stm32f4xx_sai.o(i.SAI_DMACmd), (22 bytes).
    Removing stm32f4xx_sai.o(i.SAI_DeInit), (36 bytes).
    Removing stm32f4xx_sai.o(i.SAI_FlushFIFO), (10 bytes).
    Removing stm32f4xx_sai.o(i.SAI_FrameInit), (44 bytes).
    Removing stm32f4xx_sai.o(i.SAI_FrameStructInit), (18 bytes).
    Removing stm32f4xx_sai.o(i.SAI_GetCmdStatus), (20 bytes).
    Removing stm32f4xx_sai.o(i.SAI_GetFIFOStatus), (12 bytes).
    Removing stm32f4xx_sai.o(i.SAI_GetFlagStatus), (18 bytes).
    Removing stm32f4xx_sai.o(i.SAI_GetITStatus), (30 bytes).
    Removing stm32f4xx_sai.o(i.SAI_ITConfig), (18 bytes).
    Removing stm32f4xx_sai.o(i.SAI_Init), (76 bytes).
    Removing stm32f4xx_sai.o(i.SAI_MonoModeConfig), (18 bytes).
    Removing stm32f4xx_sai.o(i.SAI_MuteFrameCounterConfig), (18 bytes).
    Removing stm32f4xx_sai.o(i.SAI_MuteModeCmd), (22 bytes).
    Removing stm32f4xx_sai.o(i.SAI_MuteValueConfig), (16 bytes).
    Removing stm32f4xx_sai.o(i.SAI_ReceiveData), (6 bytes).
    Removing stm32f4xx_sai.o(i.SAI_SendData), (4 bytes).
    Removing stm32f4xx_sai.o(i.SAI_SlotInit), (36 bytes).
    Removing stm32f4xx_sai.o(i.SAI_SlotStructInit), (16 bytes).
    Removing stm32f4xx_sai.o(i.SAI_StructInit), (30 bytes).
    Removing stm32f4xx_sai.o(i.SAI_TRIStateConfig), (18 bytes).
    Removing stm32f4xx_sdio.o(.rev16_text), (4 bytes).
    Removing stm32f4xx_sdio.o(.revsh_text), (4 bytes).
    Removing stm32f4xx_sdio.o(.rrx_text), (6 bytes).
    Removing stm32f4xx_sdio.o(i.SDIO_CEATAITCmd), (16 bytes).
    Removing stm32f4xx_sdio.o(i.SDIO_ClearFlag), (12 bytes).
    Removing stm32f4xx_sdio.o(i.SDIO_ClearITPendingBit), (12 bytes).
    Removing stm32f4xx_sdio.o(i.SDIO_ClockCmd), (12 bytes).
    Removing stm32f4xx_sdio.o(i.SDIO_CmdStructInit), (14 bytes).
    Removing stm32f4xx_sdio.o(i.SDIO_CommandCompletionCmd), (12 bytes).
    Removing stm32f4xx_sdio.o(i.SDIO_DMACmd), (12 bytes).
    Removing stm32f4xx_sdio.o(i.SDIO_DataConfig), (52 bytes).
    Removing stm32f4xx_sdio.o(i.SDIO_DataStructInit), (20 bytes).
    Removing stm32f4xx_sdio.o(i.SDIO_DeInit), (22 bytes).
    Removing stm32f4xx_sdio.o(i.SDIO_GetCommandResponse), (12 bytes).
    Removing stm32f4xx_sdio.o(i.SDIO_GetDataCounter), (12 bytes).
    Removing stm32f4xx_sdio.o(i.SDIO_GetFIFOCount), (12 bytes).
    Removing stm32f4xx_sdio.o(i.SDIO_GetFlagStatus), (24 bytes).
    Removing stm32f4xx_sdio.o(i.SDIO_GetITStatus), (24 bytes).
    Removing stm32f4xx_sdio.o(i.SDIO_GetPowerState), (16 bytes).
    Removing stm32f4xx_sdio.o(i.SDIO_GetResponse), (24 bytes).
    Removing stm32f4xx_sdio.o(i.SDIO_ITConfig), (32 bytes).
    Removing stm32f4xx_sdio.o(i.SDIO_Init), (48 bytes).
    Removing stm32f4xx_sdio.o(i.SDIO_ReadData), (12 bytes).
    Removing stm32f4xx_sdio.o(i.SDIO_SendCEATACmd), (12 bytes).
    Removing stm32f4xx_sdio.o(i.SDIO_SendCommand), (44 bytes).
    Removing stm32f4xx_sdio.o(i.SDIO_SendSDIOSuspendCmd), (12 bytes).
    Removing stm32f4xx_sdio.o(i.SDIO_SetPowerState), (12 bytes).
    Removing stm32f4xx_sdio.o(i.SDIO_SetSDIOOperation), (12 bytes).
    Removing stm32f4xx_sdio.o(i.SDIO_SetSDIOReadWaitMode), (12 bytes).
    Removing stm32f4xx_sdio.o(i.SDIO_StartSDIOReadWait), (12 bytes).
    Removing stm32f4xx_sdio.o(i.SDIO_StopSDIOReadWait), (12 bytes).
    Removing stm32f4xx_sdio.o(i.SDIO_StructInit), (16 bytes).
    Removing stm32f4xx_sdio.o(i.SDIO_WriteData), (12 bytes).
    Removing stm32f4xx_spdifrx.o(.rev16_text), (4 bytes).
    Removing stm32f4xx_spdifrx.o(.revsh_text), (4 bytes).
    Removing stm32f4xx_spdifrx.o(.rrx_text), (6 bytes).
    Removing stm32f4xx_spi.o(.rev16_text), (4 bytes).
    Removing stm32f4xx_spi.o(.revsh_text), (4 bytes).
    Removing stm32f4xx_spi.o(.rrx_text), (6 bytes).
    Removing stm32f4xx_spi.o(i.I2S_Cmd), (24 bytes).
    Removing stm32f4xx_spi.o(i.I2S_FullDuplexConfig), (80 bytes).
    Removing stm32f4xx_spi.o(i.I2S_Init), (408 bytes).
    Removing stm32f4xx_spi.o(i.I2S_StructInit), (20 bytes).
    Removing stm32f4xx_spi.o(i.SPI_BiDirectionalLineConfig), (28 bytes).
    Removing stm32f4xx_spi.o(i.SPI_CalculateCRC), (24 bytes).
    Removing stm32f4xx_spi.o(i.SPI_Cmd), (24 bytes).
    Removing stm32f4xx_spi.o(i.SPI_DataSizeConfig), (18 bytes).
    Removing stm32f4xx_spi.o(i.SPI_GetCRC), (16 bytes).
    Removing stm32f4xx_spi.o(i.SPI_GetCRCPolynomial), (6 bytes).
    Removing stm32f4xx_spi.o(i.SPI_I2S_ClearFlag), (6 bytes).
    Removing stm32f4xx_spi.o(i.SPI_I2S_ClearITPendingBit), (20 bytes).
    Removing stm32f4xx_spi.o(i.SPI_I2S_DMACmd), (18 bytes).
    Removing stm32f4xx_spi.o(i.SPI_I2S_DeInit), (176 bytes).
    Removing stm32f4xx_spi.o(i.SPI_I2S_GetFlagStatus), (18 bytes).
    Removing stm32f4xx_spi.o(i.SPI_I2S_GetITStatus), (52 bytes).
    Removing stm32f4xx_spi.o(i.SPI_I2S_ITConfig), (32 bytes).
    Removing stm32f4xx_spi.o(i.SPI_I2S_ReceiveData), (6 bytes).
    Removing stm32f4xx_spi.o(i.SPI_I2S_SendData), (4 bytes).
    Removing stm32f4xx_spi.o(i.SPI_Init), (60 bytes).
    Removing stm32f4xx_spi.o(i.SPI_NSSInternalSoftwareConfig), (30 bytes).
    Removing stm32f4xx_spi.o(i.SPI_SSOutputCmd), (24 bytes).
    Removing stm32f4xx_spi.o(i.SPI_StructInit), (24 bytes).
    Removing stm32f4xx_spi.o(i.SPI_TIModeCmd), (24 bytes).
    Removing stm32f4xx_spi.o(i.SPI_TransmitCRC), (10 bytes).
    Removing stm32f4xx_syscfg.o(.rev16_text), (4 bytes).
    Removing stm32f4xx_syscfg.o(.revsh_text), (4 bytes).
    Removing stm32f4xx_syscfg.o(.rrx_text), (6 bytes).
    Removing stm32f4xx_syscfg.o(i.SYSCFG_CompensationCellCmd), (12 bytes).
    Removing stm32f4xx_syscfg.o(i.SYSCFG_DeInit), (22 bytes).
    Removing stm32f4xx_syscfg.o(i.SYSCFG_ETH_MediaInterfaceConfig), (12 bytes).
    Removing stm32f4xx_syscfg.o(i.SYSCFG_EXTILineConfig), (64 bytes).
    Removing stm32f4xx_syscfg.o(i.SYSCFG_GetCompensationCellStatus), (24 bytes).
    Removing stm32f4xx_syscfg.o(i.SYSCFG_MemoryRemapConfig), (12 bytes).
    Removing stm32f4xx_syscfg.o(i.SYSCFG_MemorySwappingBank), (12 bytes).
    Removing stm32f4xx_tim.o(.rev16_text), (4 bytes).
    Removing stm32f4xx_tim.o(.revsh_text), (4 bytes).
    Removing stm32f4xx_tim.o(.rrx_text), (6 bytes).
    Removing stm32f4xx_tim.o(i.TI1_Config), (58 bytes).
    Removing stm32f4xx_tim.o(i.TI2_Config), (80 bytes).
    Removing stm32f4xx_tim.o(i.TI3_Config), (72 bytes).
    Removing stm32f4xx_tim.o(i.TI4_Config), (80 bytes).
    Removing stm32f4xx_tim.o(i.TIM_BDTRConfig), (32 bytes).
    Removing stm32f4xx_tim.o(i.TIM_BDTRStructInit), (18 bytes).
    Removing stm32f4xx_tim.o(i.TIM_CCPreloadControl), (24 bytes).
    Removing stm32f4xx_tim.o(i.TIM_CCxCmd), (30 bytes).
    Removing stm32f4xx_tim.o(i.TIM_CCxNCmd), (30 bytes).
    Removing stm32f4xx_tim.o(i.TIM_ClearFlag), (6 bytes).
    Removing stm32f4xx_tim.o(i.TIM_ClearOC1Ref), (18 bytes).
    Removing stm32f4xx_tim.o(i.TIM_ClearOC2Ref), (24 bytes).
    Removing stm32f4xx_tim.o(i.TIM_ClearOC3Ref), (18 bytes).
    Removing stm32f4xx_tim.o(i.TIM_ClearOC4Ref), (24 bytes).
    Removing stm32f4xx_tim.o(i.TIM_CounterModeConfig), (18 bytes).
    Removing stm32f4xx_tim.o(i.TIM_CtrlPWMOutputs), (30 bytes).
    Removing stm32f4xx_tim.o(i.TIM_DMACmd), (18 bytes).
    Removing stm32f4xx_tim.o(i.TIM_DMAConfig), (10 bytes).
    Removing stm32f4xx_tim.o(i.TIM_DeInit), (400 bytes).
    Removing stm32f4xx_tim.o(i.TIM_ETRClockMode1Config), (54 bytes).
    Removing stm32f4xx_tim.o(i.TIM_ETRClockMode2Config), (32 bytes).
    Removing stm32f4xx_tim.o(i.TIM_ETRConfig), (28 bytes).
    Removing stm32f4xx_tim.o(i.TIM_EncoderInterfaceConfig), (66 bytes).
    Removing stm32f4xx_tim.o(i.TIM_ForcedOC1Config), (18 bytes).
    Removing stm32f4xx_tim.o(i.TIM_ForcedOC2Config), (26 bytes).
    Removing stm32f4xx_tim.o(i.TIM_ForcedOC3Config), (18 bytes).
    Removing stm32f4xx_tim.o(i.TIM_ForcedOC4Config), (26 bytes).
    Removing stm32f4xx_tim.o(i.TIM_GenerateEvent), (4 bytes).
    Removing stm32f4xx_tim.o(i.TIM_GetCapture1), (6 bytes).
    Removing stm32f4xx_tim.o(i.TIM_GetCapture2), (6 bytes).
    Removing stm32f4xx_tim.o(i.TIM_GetCapture3), (6 bytes).
    Removing stm32f4xx_tim.o(i.TIM_GetCapture4), (6 bytes).
    Removing stm32f4xx_tim.o(i.TIM_GetCounter), (6 bytes).
    Removing stm32f4xx_tim.o(i.TIM_GetFlagStatus), (18 bytes).
    Removing stm32f4xx_tim.o(i.TIM_GetPrescaler), (6 bytes).
    Removing stm32f4xx_tim.o(i.TIM_ICInit), (110 bytes).
    Removing stm32f4xx_tim.o(i.TIM_ICStructInit), (18 bytes).
    Removing stm32f4xx_tim.o(i.TIM_ITRxExternalClockConfig), (24 bytes).
    Removing stm32f4xx_tim.o(i.TIM_InternalClockConfig), (12 bytes).
    Removing stm32f4xx_tim.o(i.TIM_OC1FastConfig), (18 bytes).
    Removing stm32f4xx_tim.o(i.TIM_OC1Init), (124 bytes).
    Removing stm32f4xx_tim.o(i.TIM_OC1NPolarityConfig), (18 bytes).
    Removing stm32f4xx_tim.o(i.TIM_OC1PolarityConfig), (18 bytes).
    Removing stm32f4xx_tim.o(i.TIM_OC1PreloadConfig), (18 bytes).
    Removing stm32f4xx_tim.o(i.TIM_OC2FastConfig), (26 bytes).
    Removing stm32f4xx_tim.o(i.TIM_OC2Init), (164 bytes).
    Removing stm32f4xx_tim.o(i.TIM_OC2NPolarityConfig), (26 bytes).
    Removing stm32f4xx_tim.o(i.TIM_OC2PolarityConfig), (26 bytes).
    Removing stm32f4xx_tim.o(i.TIM_OC2PreloadConfig), (26 bytes).
    Removing stm32f4xx_tim.o(i.TIM_OC3FastConfig), (18 bytes).
    Removing stm32f4xx_tim.o(i.TIM_OC3Init), (160 bytes).
    Removing stm32f4xx_tim.o(i.TIM_OC3NPolarityConfig), (26 bytes).
    Removing stm32f4xx_tim.o(i.TIM_OC3PolarityConfig), (26 bytes).
    Removing stm32f4xx_tim.o(i.TIM_OC3PreloadConfig), (18 bytes).
    Removing stm32f4xx_tim.o(i.TIM_OC4FastConfig), (26 bytes).
    Removing stm32f4xx_tim.o(i.TIM_OC4Init), (120 bytes).
    Removing stm32f4xx_tim.o(i.TIM_OC4PolarityConfig), (26 bytes).
    Removing stm32f4xx_tim.o(i.TIM_OC4PreloadConfig), (26 bytes).
    Removing stm32f4xx_tim.o(i.TIM_OCStructInit), (20 bytes).
    Removing stm32f4xx_tim.o(i.TIM_PWMIConfig), (124 bytes).
    Removing stm32f4xx_tim.o(i.TIM_PrescalerConfig), (6 bytes).
    Removing stm32f4xx_tim.o(i.TIM_RemapConfig), (6 bytes).
    Removing stm32f4xx_tim.o(i.TIM_SelectCCDMA), (24 bytes).
    Removing stm32f4xx_tim.o(i.TIM_SelectCOM), (24 bytes).
    Removing stm32f4xx_tim.o(i.TIM_SelectHallSensor), (24 bytes).
    Removing stm32f4xx_tim.o(i.TIM_SelectInputTrigger), (18 bytes).
    Removing stm32f4xx_tim.o(i.TIM_SelectMasterSlaveMode), (18 bytes).
    Removing stm32f4xx_tim.o(i.TIM_SelectOCxM), (86 bytes).
    Removing stm32f4xx_tim.o(i.TIM_SelectOnePulseMode), (18 bytes).
    Removing stm32f4xx_tim.o(i.TIM_SelectOutputTrigger), (18 bytes).
    Removing stm32f4xx_tim.o(i.TIM_SelectSlaveMode), (18 bytes).
    Removing stm32f4xx_tim.o(i.TIM_SetAutoreload), (4 bytes).
    Removing stm32f4xx_tim.o(i.TIM_SetClockDivision), (18 bytes).
    Removing stm32f4xx_tim.o(i.TIM_SetCompare1), (4 bytes).
    Removing stm32f4xx_tim.o(i.TIM_SetCompare2), (4 bytes).
    Removing stm32f4xx_tim.o(i.TIM_SetCompare3), (4 bytes).
    Removing stm32f4xx_tim.o(i.TIM_SetCompare4), (4 bytes).
    Removing stm32f4xx_tim.o(i.TIM_SetCounter), (4 bytes).
    Removing stm32f4xx_tim.o(i.TIM_SetIC1Prescaler), (18 bytes).
    Removing stm32f4xx_tim.o(i.TIM_SetIC2Prescaler), (26 bytes).
    Removing stm32f4xx_tim.o(i.TIM_SetIC3Prescaler), (18 bytes).
    Removing stm32f4xx_tim.o(i.TIM_SetIC4Prescaler), (26 bytes).
    Removing stm32f4xx_tim.o(i.TIM_TIxExternalClockConfig), (62 bytes).
    Removing stm32f4xx_tim.o(i.TIM_TimeBaseStructInit), (18 bytes).
    Removing stm32f4xx_tim.o(i.TIM_UpdateDisableConfig), (24 bytes).
    Removing stm32f4xx_tim.o(i.TIM_UpdateRequestConfig), (24 bytes).
    Removing stm32f4xx_usart.o(.rev16_text), (4 bytes).
    Removing stm32f4xx_usart.o(.revsh_text), (4 bytes).
    Removing stm32f4xx_usart.o(.rrx_text), (6 bytes).
    Removing stm32f4xx_usart.o(i.USART_ClearFlag), (18 bytes).
    Removing stm32f4xx_usart.o(i.USART_ClearITPendingBit), (30 bytes).
    Removing stm32f4xx_usart.o(i.USART_ClockInit), (32 bytes).
    Removing stm32f4xx_usart.o(i.USART_ClockStructInit), (12 bytes).
    Removing stm32f4xx_usart.o(i.USART_DeInit), (240 bytes).
    Removing stm32f4xx_usart.o(i.USART_GetFlagStatus), (26 bytes).
    Removing stm32f4xx_usart.o(i.USART_HalfDuplexCmd), (24 bytes).
    Removing stm32f4xx_usart.o(i.USART_IrDACmd), (24 bytes).
    Removing stm32f4xx_usart.o(i.USART_IrDAConfig), (18 bytes).
    Removing stm32f4xx_usart.o(i.USART_LINBreakDetectLengthConfig), (18 bytes).
    Removing stm32f4xx_usart.o(i.USART_LINCmd), (24 bytes).
    Removing stm32f4xx_usart.o(i.USART_OneBitMethodCmd), (24 bytes).
    Removing stm32f4xx_usart.o(i.USART_OverSampling8Cmd), (22 bytes).
    Removing stm32f4xx_usart.o(i.USART_ReceiveData), (10 bytes).
    Removing stm32f4xx_usart.o(i.USART_ReceiverWakeUpCmd), (24 bytes).
    Removing stm32f4xx_usart.o(i.USART_SendBreak), (10 bytes).
    Removing stm32f4xx_usart.o(i.USART_SendData), (8 bytes).
    Removing stm32f4xx_usart.o(i.USART_SetAddress), (18 bytes).
    Removing stm32f4xx_usart.o(i.USART_SetGuardTime), (16 bytes).
    Removing stm32f4xx_usart.o(i.USART_SetPrescaler), (16 bytes).
    Removing stm32f4xx_usart.o(i.USART_SmartCardCmd), (24 bytes).
    Removing stm32f4xx_usart.o(i.USART_SmartCardNACKCmd), (24 bytes).
    Removing stm32f4xx_usart.o(i.USART_StructInit), (24 bytes).
    Removing stm32f4xx_usart.o(i.USART_WakeUpConfig), (18 bytes).
    Removing stm32f4xx_wwdg.o(.rev16_text), (4 bytes).
    Removing stm32f4xx_wwdg.o(.revsh_text), (4 bytes).
    Removing stm32f4xx_wwdg.o(.rrx_text), (6 bytes).
    Removing stm32f4xx_wwdg.o(i.WWDG_ClearFlag), (12 bytes).
    Removing stm32f4xx_wwdg.o(i.WWDG_DeInit), (22 bytes).
    Removing stm32f4xx_wwdg.o(i.WWDG_Enable), (16 bytes).
    Removing stm32f4xx_wwdg.o(i.WWDG_EnableIT), (12 bytes).
    Removing stm32f4xx_wwdg.o(i.WWDG_GetFlagStatus), (20 bytes).
    Removing stm32f4xx_wwdg.o(i.WWDG_SetCounter), (16 bytes).
    Removing stm32f4xx_wwdg.o(i.WWDG_SetPrescaler), (24 bytes).
    Removing stm32f4xx_wwdg.o(i.WWDG_SetWindowValue), (40 bytes).
    Removing system_stm32f4xx.o(.rev16_text), (4 bytes).
    Removing system_stm32f4xx.o(.revsh_text), (4 bytes).
    Removing system_stm32f4xx.o(.rrx_text), (6 bytes).
    Removing system_stm32f4xx.o(i.SystemCoreClockUpdate), (192 bytes).
    Removing startup_stm32f427_437xx.o(HEAP), (512 bytes).
    Removing dneg.o(.text), (6 bytes).

809 unused section(s) (total 32599 bytes) removed from the image.

==============================================================================

Image Symbol Table

    Local Symbols

    Symbol Name                              Value     Ov Type        Size  Object(Section)

    ../clib/microlib/errno.c                 0x00000000   Number         0  errno.o ABSOLUTE
    ../clib/microlib/init/entry.s            0x00000000   Number         0  entry9b.o ABSOLUTE
    ../clib/microlib/init/entry.s            0x00000000   Number         0  entry10a.o ABSOLUTE
    ../clib/microlib/init/entry.s            0x00000000   Number         0  entry11b.o ABSOLUTE
    ../clib/microlib/init/entry.s            0x00000000   Number         0  entry11a.o ABSOLUTE
    ../clib/microlib/init/entry.s            0x00000000   Number         0  entry10b.o ABSOLUTE
    ../clib/microlib/init/entry.s            0x00000000   Number         0  entry9a.o ABSOLUTE
    ../clib/microlib/init/entry.s            0x00000000   Number         0  entry8b.o ABSOLUTE
    ../clib/microlib/init/entry.s            0x00000000   Number         0  entry8a.o ABSOLUTE
    ../clib/microlib/init/entry.s            0x00000000   Number         0  entry7b.o ABSOLUTE
    ../clib/microlib/init/entry.s            0x00000000   Number         0  entry7a.o ABSOLUTE
    ../clib/microlib/init/entry.s            0x00000000   Number         0  entry5.o ABSOLUTE
    ../clib/microlib/init/entry.s            0x00000000   Number         0  entry2.o ABSOLUTE
    ../clib/microlib/init/entry.s            0x00000000   Number         0  entry.o ABSOLUTE
    ../clib/microlib/longlong.c              0x00000000   Number         0  llushr.o ABSOLUTE
    ../clib/microlib/longlong.c              0x00000000   Number         0  llsshr.o ABSOLUTE
    ../clib/microlib/longlong.c              0x00000000   Number         0  llshl.o ABSOLUTE
    ../clib/microlib/stubs.s                 0x00000000   Number         0  iusefp.o ABSOLUTE
    ../fplib/microlib/d2f.c                  0x00000000   Number         0  d2f.o ABSOLUTE
    ../fplib/microlib/f2d.c                  0x00000000   Number         0  f2d.o ABSOLUTE
    ../fplib/microlib/fpadd.c                0x00000000   Number         0  dadd.o ABSOLUTE
    ../fplib/microlib/fpdiv.c                0x00000000   Number         0  ddiv.o ABSOLUTE
    ../fplib/microlib/fpepilogue.c           0x00000000   Number         0  fepilogue.o ABSOLUTE
    ../fplib/microlib/fpepilogue.c           0x00000000   Number         0  depilogue.o ABSOLUTE
    ../fplib/microlib/fpmul.c                0x00000000   Number         0  dmul.o ABSOLUTE
    ../fplib/microlib/fpneg.c                0x00000000   Number         0  dneg.o ABSOLUTE
    ../mathlib/atan.c                        0x00000000   Number         0  atan_x.o ABSOLUTE
    ../mathlib/atan.c                        0x00000000   Number         0  atan.o ABSOLUTE
    ../mathlib/atan2.c                       0x00000000   Number         0  atan2_x.o ABSOLUTE
    ../mathlib/atan2.c                       0x00000000   Number         0  atan2.o ABSOLUTE
    ../mathlib/dunder.c                      0x00000000   Number         0  dunder.o ABSOLUTE
    ../mathlib/fabs.c                        0x00000000   Number         0  fabs.o ABSOLUTE
    ../mathlib/fpclassify.c                  0x00000000   Number         0  fpclassify.o ABSOLUTE
    ../mathlib/poly.c                        0x00000000   Number         0  poly.o ABSOLUTE
    ../mathlib/qnan.c                        0x00000000   Number         0  qnan.o ABSOLUTE
    ..\..\Apps\Chassis_control.c             0x00000000   Number         0  chassis_control.o ABSOLUTE
    ..\..\Apps\DevicesMonitor.c              0x00000000   Number         0  devicesmonitor.o ABSOLUTE
    ..\..\Apps\Filter.c                      0x00000000   Number         0  filter.o ABSOLUTE
    ..\..\Apps\PID.c                         0x00000000   Number         0  pid.o ABSOLUTE
    ..\..\BSP\CAN.c                          0x00000000   Number         0  can.o ABSOLUTE
    ..\..\BSP\KEY.c                          0x00000000   Number         0  key.o ABSOLUTE
    ..\..\BSP\LED.c                          0x00000000   Number         0  led.o ABSOLUTE
    ..\..\BSP\NVIC.c                         0x00000000   Number         0  nvic.o ABSOLUTE
    ..\..\BSP\TIM.c                          0x00000000   Number         0  tim.o ABSOLUTE
    ..\..\BSP\USART.c                        0x00000000   Number         0  usart.o ABSOLUTE
    ..\..\BSP\delay.c                        0x00000000   Number         0  delay.o ABSOLUTE
    ..\..\Devices\ANO.c                      0x00000000   Number         0  ano.o ABSOLUTE
    ..\..\Devices\DR16_Receiver.c            0x00000000   Number         0  dr16_receiver.o ABSOLUTE
    ..\..\Devices\M3508_Motor.c              0x00000000   Number         0  m3508_motor.o ABSOLUTE
    ..\..\Libraries\CMSIS\Device\ST\STM32F4xx\Source\Templates\arm\startup_stm32f427_437xx.s 0x00000000   Number         0  startup_stm32f427_437xx.o ABSOLUTE
    ..\..\Libraries\CMSIS\Device\ST\STM32F4xx\Source\Templates\system_stm32f4xx.c 0x00000000   Number         0  system_stm32f4xx.o ABSOLUTE
    ..\..\Libraries\STM32F4xx_StdPeriph_Driver\src\misc.c 0x00000000   Number         0  misc.o ABSOLUTE
    ..\..\Libraries\STM32F4xx_StdPeriph_Driver\src\stm32f4xx_adc.c 0x00000000   Number         0  stm32f4xx_adc.o ABSOLUTE
    ..\..\Libraries\STM32F4xx_StdPeriph_Driver\src\stm32f4xx_can.c 0x00000000   Number         0  stm32f4xx_can.o ABSOLUTE
    ..\..\Libraries\STM32F4xx_StdPeriph_Driver\src\stm32f4xx_cec.c 0x00000000   Number         0  stm32f4xx_cec.o ABSOLUTE
    ..\..\Libraries\STM32F4xx_StdPeriph_Driver\src\stm32f4xx_crc.c 0x00000000   Number         0  stm32f4xx_crc.o ABSOLUTE
    ..\..\Libraries\STM32F4xx_StdPeriph_Driver\src\stm32f4xx_cryp.c 0x00000000   Number         0  stm32f4xx_cryp.o ABSOLUTE
    ..\..\Libraries\STM32F4xx_StdPeriph_Driver\src\stm32f4xx_cryp_aes.c 0x00000000   Number         0  stm32f4xx_cryp_aes.o ABSOLUTE
    ..\..\Libraries\STM32F4xx_StdPeriph_Driver\src\stm32f4xx_cryp_des.c 0x00000000   Number         0  stm32f4xx_cryp_des.o ABSOLUTE
    ..\..\Libraries\STM32F4xx_StdPeriph_Driver\src\stm32f4xx_cryp_tdes.c 0x00000000   Number         0  stm32f4xx_cryp_tdes.o ABSOLUTE
    ..\..\Libraries\STM32F4xx_StdPeriph_Driver\src\stm32f4xx_dac.c 0x00000000   Number         0  stm32f4xx_dac.o ABSOLUTE
    ..\..\Libraries\STM32F4xx_StdPeriph_Driver\src\stm32f4xx_dbgmcu.c 0x00000000   Number         0  stm32f4xx_dbgmcu.o ABSOLUTE
    ..\..\Libraries\STM32F4xx_StdPeriph_Driver\src\stm32f4xx_dcmi.c 0x00000000   Number         0  stm32f4xx_dcmi.o ABSOLUTE
    ..\..\Libraries\STM32F4xx_StdPeriph_Driver\src\stm32f4xx_dfsdm.c 0x00000000   Number         0  stm32f4xx_dfsdm.o ABSOLUTE
    ..\..\Libraries\STM32F4xx_StdPeriph_Driver\src\stm32f4xx_dma.c 0x00000000   Number         0  stm32f4xx_dma.o ABSOLUTE
    ..\..\Libraries\STM32F4xx_StdPeriph_Driver\src\stm32f4xx_dsi.c 0x00000000   Number         0  stm32f4xx_dsi.o ABSOLUTE
    ..\..\Libraries\STM32F4xx_StdPeriph_Driver\src\stm32f4xx_exti.c 0x00000000   Number         0  stm32f4xx_exti.o ABSOLUTE
    ..\..\Libraries\STM32F4xx_StdPeriph_Driver\src\stm32f4xx_flash.c 0x00000000   Number         0  stm32f4xx_flash.o ABSOLUTE
    ..\..\Libraries\STM32F4xx_StdPeriph_Driver\src\stm32f4xx_flash_ramfunc.c 0x00000000   Number         0  stm32f4xx_flash_ramfunc.o ABSOLUTE
    ..\..\Libraries\STM32F4xx_StdPeriph_Driver\src\stm32f4xx_fmpi2c.c 0x00000000   Number         0  stm32f4xx_fmpi2c.o ABSOLUTE
    ..\..\Libraries\STM32F4xx_StdPeriph_Driver\src\stm32f4xx_gpio.c 0x00000000   Number         0  stm32f4xx_gpio.o ABSOLUTE
    ..\..\Libraries\STM32F4xx_StdPeriph_Driver\src\stm32f4xx_hash.c 0x00000000   Number         0  stm32f4xx_hash.o ABSOLUTE
    ..\..\Libraries\STM32F4xx_StdPeriph_Driver\src\stm32f4xx_hash_md5.c 0x00000000   Number         0  stm32f4xx_hash_md5.o ABSOLUTE
    ..\..\Libraries\STM32F4xx_StdPeriph_Driver\src\stm32f4xx_hash_sha1.c 0x00000000   Number         0  stm32f4xx_hash_sha1.o ABSOLUTE
    ..\..\Libraries\STM32F4xx_StdPeriph_Driver\src\stm32f4xx_i2c.c 0x00000000   Number         0  stm32f4xx_i2c.o ABSOLUTE
    ..\..\Libraries\STM32F4xx_StdPeriph_Driver\src\stm32f4xx_iwdg.c 0x00000000   Number         0  stm32f4xx_iwdg.o ABSOLUTE
    ..\..\Libraries\STM32F4xx_StdPeriph_Driver\src\stm32f4xx_lptim.c 0x00000000   Number         0  stm32f4xx_lptim.o ABSOLUTE
    ..\..\Libraries\STM32F4xx_StdPeriph_Driver\src\stm32f4xx_pwr.c 0x00000000   Number         0  stm32f4xx_pwr.o ABSOLUTE
    ..\..\Libraries\STM32F4xx_StdPeriph_Driver\src\stm32f4xx_qspi.c 0x00000000   Number         0  stm32f4xx_qspi.o ABSOLUTE
    ..\..\Libraries\STM32F4xx_StdPeriph_Driver\src\stm32f4xx_rcc.c 0x00000000   Number         0  stm32f4xx_rcc.o ABSOLUTE
    ..\..\Libraries\STM32F4xx_StdPeriph_Driver\src\stm32f4xx_rng.c 0x00000000   Number         0  stm32f4xx_rng.o ABSOLUTE
    ..\..\Libraries\STM32F4xx_StdPeriph_Driver\src\stm32f4xx_rtc.c 0x00000000   Number         0  stm32f4xx_rtc.o ABSOLUTE
    ..\..\Libraries\STM32F4xx_StdPeriph_Driver\src\stm32f4xx_sai.c 0x00000000   Number         0  stm32f4xx_sai.o ABSOLUTE
    ..\..\Libraries\STM32F4xx_StdPeriph_Driver\src\stm32f4xx_sdio.c 0x00000000   Number         0  stm32f4xx_sdio.o ABSOLUTE
    ..\..\Libraries\STM32F4xx_StdPeriph_Driver\src\stm32f4xx_spdifrx.c 0x00000000   Number         0  stm32f4xx_spdifrx.o ABSOLUTE
    ..\..\Libraries\STM32F4xx_StdPeriph_Driver\src\stm32f4xx_spi.c 0x00000000   Number         0  stm32f4xx_spi.o ABSOLUTE
    ..\..\Libraries\STM32F4xx_StdPeriph_Driver\src\stm32f4xx_syscfg.c 0x00000000   Number         0  stm32f4xx_syscfg.o ABSOLUTE
    ..\..\Libraries\STM32F4xx_StdPeriph_Driver\src\stm32f4xx_tim.c 0x00000000   Number         0  stm32f4xx_tim.o ABSOLUTE
    ..\..\Libraries\STM32F4xx_StdPeriph_Driver\src\stm32f4xx_usart.c 0x00000000   Number         0  stm32f4xx_usart.o ABSOLUTE
    ..\..\Libraries\STM32F4xx_StdPeriph_Driver\src\stm32f4xx_wwdg.c 0x00000000   Number         0  stm32f4xx_wwdg.o ABSOLUTE
    ..\..\User\UserMath.c                    0x00000000   Number         0  usermath.o ABSOLUTE
    ..\..\User\main.c                        0x00000000   Number         0  main.o ABSOLUTE
    ..\..\User\stm32f4xx_it.c                0x00000000   Number         0  stm32f4xx_it.o ABSOLUTE
    ..\..\User\user_code.c                   0x00000000   Number         0  user_code.o ABSOLUTE
    ..\\..\\Apps\\Chassis_control.c          0x00000000   Number         0  chassis_control.o ABSOLUTE
    ..\\..\\Apps\\DevicesMonitor.c           0x00000000   Number         0  devicesmonitor.o ABSOLUTE
    ..\\..\\Apps\\Filter.c                   0x00000000   Number         0  filter.o ABSOLUTE
    ..\\..\\Apps\\PID.c                      0x00000000   Number         0  pid.o ABSOLUTE
    ..\\..\\BSP\\CAN.c                       0x00000000   Number         0  can.o ABSOLUTE
    ..\\..\\BSP\\KEY.c                       0x00000000   Number         0  key.o ABSOLUTE
    ..\\..\\BSP\\LED.c                       0x00000000   Number         0  led.o ABSOLUTE
    ..\\..\\BSP\\NVIC.c                      0x00000000   Number         0  nvic.o ABSOLUTE
    ..\\..\\BSP\\TIM.c                       0x00000000   Number         0  tim.o ABSOLUTE
    ..\\..\\BSP\\USART.c                     0x00000000   Number         0  usart.o ABSOLUTE
    ..\\..\\BSP\\delay.c                     0x00000000   Number         0  delay.o ABSOLUTE
    ..\\..\\Devices\\ANO.c                   0x00000000   Number         0  ano.o ABSOLUTE
    ..\\..\\Devices\\DR16_Receiver.c         0x00000000   Number         0  dr16_receiver.o ABSOLUTE
    ..\\..\\Devices\\M3508_Motor.c           0x00000000   Number         0  m3508_motor.o ABSOLUTE
    ..\\..\\Libraries\\CMSIS\\Device\\ST\\STM32F4xx\\Source\\Templates\\system_stm32f4xx.c 0x00000000   Number         0  system_stm32f4xx.o ABSOLUTE
    ..\\..\\Libraries\\STM32F4xx_StdPeriph_Driver\\src\\misc.c 0x00000000   Number         0  misc.o ABSOLUTE
    ..\\..\\Libraries\\STM32F4xx_StdPeriph_Driver\\src\\stm32f4xx_adc.c 0x00000000   Number         0  stm32f4xx_adc.o ABSOLUTE
    ..\\..\\Libraries\\STM32F4xx_StdPeriph_Driver\\src\\stm32f4xx_can.c 0x00000000   Number         0  stm32f4xx_can.o ABSOLUTE
    ..\\..\\Libraries\\STM32F4xx_StdPeriph_Driver\\src\\stm32f4xx_cec.c 0x00000000   Number         0  stm32f4xx_cec.o ABSOLUTE
    ..\\..\\Libraries\\STM32F4xx_StdPeriph_Driver\\src\\stm32f4xx_crc.c 0x00000000   Number         0  stm32f4xx_crc.o ABSOLUTE
    ..\\..\\Libraries\\STM32F4xx_StdPeriph_Driver\\src\\stm32f4xx_cryp.c 0x00000000   Number         0  stm32f4xx_cryp.o ABSOLUTE
    ..\\..\\Libraries\\STM32F4xx_StdPeriph_Driver\\src\\stm32f4xx_cryp_aes.c 0x00000000   Number         0  stm32f4xx_cryp_aes.o ABSOLUTE
    ..\\..\\Libraries\\STM32F4xx_StdPeriph_Driver\\src\\stm32f4xx_cryp_des.c 0x00000000   Number         0  stm32f4xx_cryp_des.o ABSOLUTE
    ..\\..\\Libraries\\STM32F4xx_StdPeriph_Driver\\src\\stm32f4xx_cryp_tdes.c 0x00000000   Number         0  stm32f4xx_cryp_tdes.o ABSOLUTE
    ..\\..\\Libraries\\STM32F4xx_StdPeriph_Driver\\src\\stm32f4xx_dac.c 0x00000000   Number         0  stm32f4xx_dac.o ABSOLUTE
    ..\\..\\Libraries\\STM32F4xx_StdPeriph_Driver\\src\\stm32f4xx_dbgmcu.c 0x00000000   Number         0  stm32f4xx_dbgmcu.o ABSOLUTE
    ..\\..\\Libraries\\STM32F4xx_StdPeriph_Driver\\src\\stm32f4xx_dcmi.c 0x00000000   Number         0  stm32f4xx_dcmi.o ABSOLUTE
    ..\\..\\Libraries\\STM32F4xx_StdPeriph_Driver\\src\\stm32f4xx_dfsdm.c 0x00000000   Number         0  stm32f4xx_dfsdm.o ABSOLUTE
    ..\\..\\Libraries\\STM32F4xx_StdPeriph_Driver\\src\\stm32f4xx_dma.c 0x00000000   Number         0  stm32f4xx_dma.o ABSOLUTE
    ..\\..\\Libraries\\STM32F4xx_StdPeriph_Driver\\src\\stm32f4xx_dsi.c 0x00000000   Number         0  stm32f4xx_dsi.o ABSOLUTE
    ..\\..\\Libraries\\STM32F4xx_StdPeriph_Driver\\src\\stm32f4xx_exti.c 0x00000000   Number         0  stm32f4xx_exti.o ABSOLUTE
    ..\\..\\Libraries\\STM32F4xx_StdPeriph_Driver\\src\\stm32f4xx_flash.c 0x00000000   Number         0  stm32f4xx_flash.o ABSOLUTE
    ..\\..\\Libraries\\STM32F4xx_StdPeriph_Driver\\src\\stm32f4xx_flash_ramfunc.c 0x00000000   Number         0  stm32f4xx_flash_ramfunc.o ABSOLUTE
    ..\\..\\Libraries\\STM32F4xx_StdPeriph_Driver\\src\\stm32f4xx_fmpi2c.c 0x00000000   Number         0  stm32f4xx_fmpi2c.o ABSOLUTE
    ..\\..\\Libraries\\STM32F4xx_StdPeriph_Driver\\src\\stm32f4xx_gpio.c 0x00000000   Number         0  stm32f4xx_gpio.o ABSOLUTE
    ..\\..\\Libraries\\STM32F4xx_StdPeriph_Driver\\src\\stm32f4xx_hash.c 0x00000000   Number         0  stm32f4xx_hash.o ABSOLUTE
    ..\\..\\Libraries\\STM32F4xx_StdPeriph_Driver\\src\\stm32f4xx_hash_md5.c 0x00000000   Number         0  stm32f4xx_hash_md5.o ABSOLUTE
    ..\\..\\Libraries\\STM32F4xx_StdPeriph_Driver\\src\\stm32f4xx_hash_sha1.c 0x00000000   Number         0  stm32f4xx_hash_sha1.o ABSOLUTE
    ..\\..\\Libraries\\STM32F4xx_StdPeriph_Driver\\src\\stm32f4xx_i2c.c 0x00000000   Number         0  stm32f4xx_i2c.o ABSOLUTE
    ..\\..\\Libraries\\STM32F4xx_StdPeriph_Driver\\src\\stm32f4xx_iwdg.c 0x00000000   Number         0  stm32f4xx_iwdg.o ABSOLUTE
    ..\\..\\Libraries\\STM32F4xx_StdPeriph_Driver\\src\\stm32f4xx_lptim.c 0x00000000   Number         0  stm32f4xx_lptim.o ABSOLUTE
    ..\\..\\Libraries\\STM32F4xx_StdPeriph_Driver\\src\\stm32f4xx_pwr.c 0x00000000   Number         0  stm32f4xx_pwr.o ABSOLUTE
    ..\\..\\Libraries\\STM32F4xx_StdPeriph_Driver\\src\\stm32f4xx_qspi.c 0x00000000   Number         0  stm32f4xx_qspi.o ABSOLUTE
    ..\\..\\Libraries\\STM32F4xx_StdPeriph_Driver\\src\\stm32f4xx_rcc.c 0x00000000   Number         0  stm32f4xx_rcc.o ABSOLUTE
    ..\\..\\Libraries\\STM32F4xx_StdPeriph_Driver\\src\\stm32f4xx_rng.c 0x00000000   Number         0  stm32f4xx_rng.o ABSOLUTE
    ..\\..\\Libraries\\STM32F4xx_StdPeriph_Driver\\src\\stm32f4xx_rtc.c 0x00000000   Number         0  stm32f4xx_rtc.o ABSOLUTE
    ..\\..\\Libraries\\STM32F4xx_StdPeriph_Driver\\src\\stm32f4xx_sai.c 0x00000000   Number         0  stm32f4xx_sai.o ABSOLUTE
    ..\\..\\Libraries\\STM32F4xx_StdPeriph_Driver\\src\\stm32f4xx_sdio.c 0x00000000   Number         0  stm32f4xx_sdio.o ABSOLUTE
    ..\\..\\Libraries\\STM32F4xx_StdPeriph_Driver\\src\\stm32f4xx_spdifrx.c 0x00000000   Number         0  stm32f4xx_spdifrx.o ABSOLUTE
    ..\\..\\Libraries\\STM32F4xx_StdPeriph_Driver\\src\\stm32f4xx_spi.c 0x00000000   Number         0  stm32f4xx_spi.o ABSOLUTE
    ..\\..\\Libraries\\STM32F4xx_StdPeriph_Driver\\src\\stm32f4xx_syscfg.c 0x00000000   Number         0  stm32f4xx_syscfg.o ABSOLUTE
    ..\\..\\Libraries\\STM32F4xx_StdPeriph_Driver\\src\\stm32f4xx_tim.c 0x00000000   Number         0  stm32f4xx_tim.o ABSOLUTE
    ..\\..\\Libraries\\STM32F4xx_StdPeriph_Driver\\src\\stm32f4xx_usart.c 0x00000000   Number         0  stm32f4xx_usart.o ABSOLUTE
    ..\\..\\Libraries\\STM32F4xx_StdPeriph_Driver\\src\\stm32f4xx_wwdg.c 0x00000000   Number         0  stm32f4xx_wwdg.o ABSOLUTE
    ..\\..\\User\\main.c                     0x00000000   Number         0  main.o ABSOLUTE
    ..\\..\\User\\stm32f4xx_it.c             0x00000000   Number         0  stm32f4xx_it.o ABSOLUTE
    ..\\..\\User\\user_code.c                0x00000000   Number         0  user_code.o ABSOLUTE
    dc.s                                     0x00000000   Number         0  dc.o ABSOLUTE
    handlers.s                               0x00000000   Number         0  handlers.o ABSOLUTE
    init.s                                   0x00000000   Number         0  init.o ABSOLUTE
    RESET                                    0x08000000   Section      428  startup_stm32f427_437xx.o(RESET)
    .ARM.Collect$$$$00000000                 0x080001ac   Section        0  entry.o(.ARM.Collect$$$$00000000)
    .ARM.Collect$$$$00000001                 0x080001ac   Section        4  entry2.o(.ARM.Collect$$$$00000001)
    .ARM.Collect$$$$00000004                 0x080001b0   Section        4  entry5.o(.ARM.Collect$$$$00000004)
    .ARM.Collect$$$$00000008                 0x080001b4   Section        0  entry7b.o(.ARM.Collect$$$$00000008)
    .ARM.Collect$$$$0000000A                 0x080001b4   Section        0  entry8b.o(.ARM.Collect$$$$0000000A)
    .ARM.Collect$$$$0000000B                 0x080001b4   Section        8  entry9a.o(.ARM.Collect$$$$0000000B)
    .ARM.Collect$$$$0000000D                 0x080001bc   Section        0  entry10a.o(.ARM.Collect$$$$0000000D)
    .ARM.Collect$$$$0000000F                 0x080001bc   Section        0  entry11a.o(.ARM.Collect$$$$0000000F)
    .ARM.Collect$$$$00002712                 0x080001bc   Section        4  entry2.o(.ARM.Collect$$$$00002712)
    __lit__00000000                          0x080001bc   Data           4  entry2.o(.ARM.Collect$$$$00002712)
    .text                                    0x080001c0   Section       36  startup_stm32f427_437xx.o(.text)
    $v0                                      0x080001c0   Number         0  startup_stm32f427_437xx.o(.text)
    .text                                    0x080001e4   Section        0  f2d.o(.text)
    .text                                    0x0800020a   Section        0  d2f.o(.text)
    .text                                    0x08000242   Section        0  iusefp.o(.text)
    .text                                    0x08000242   Section        0  fepilogue.o(.text)
    .text                                    0x080002b0   Section        0  dadd.o(.text)
    .text                                    0x080003fe   Section        0  ddiv.o(.text)
    .text                                    0x080004dc   Section       36  init.o(.text)
    .text                                    0x08000500   Section        0  llshl.o(.text)
    .text                                    0x0800051e   Section        0  llsshr.o(.text)
    .text                                    0x08000542   Section        0  depilogue.o(.text)
    .text                                    0x080005fc   Section        0  dmul.o(.text)
    .text                                    0x080006e0   Section        0  llushr.o(.text)
    i.BusFault_Handler                       0x08000700   Section        0  stm32f4xx_it.o(i.BusFault_Handler)
    i.CAN1_QuickInit                         0x08000704   Section        0  can.o(i.CAN1_QuickInit)
    i.CAN1_RX0_IRQHandler                    0x080007ec   Section        0  stm32f4xx_it.o(i.CAN1_RX0_IRQHandler)
    i.CAN_ClearITPendingBit                  0x08000824   Section        0  stm32f4xx_can.o(i.CAN_ClearITPendingBit)
    i.CAN_FilterInit                         0x080008cc   Section        0  stm32f4xx_can.o(i.CAN_FilterInit)
    i.CAN_GetITStatus                        0x080009d4   Section        0  stm32f4xx_can.o(i.CAN_GetITStatus)
    i.CAN_ITConfig                           0x08000af4   Section        0  stm32f4xx_can.o(i.CAN_ITConfig)
    i.CAN_Init                               0x08000b06   Section        0  stm32f4xx_can.o(i.CAN_Init)
    i.CAN_Receive                            0x08000c1a   Section        0  stm32f4xx_can.o(i.CAN_Receive)
    i.CAN_SendData                           0x08000d0a   Section        0  can.o(i.CAN_SendData)
    i.CAN_Transmit                           0x08000d4e   Section        0  stm32f4xx_can.o(i.CAN_Transmit)
    i.Chassis_Init                           0x08000e74   Section        0  chassis_control.o(i.Chassis_Init)
    i.Chassis_processing                     0x08000eec   Section        0  chassis_control.o(i.Chassis_processing)
    i.CheckITStatus                          0x0800102c   Section        0  stm32f4xx_can.o(i.CheckITStatus)
    CheckITStatus                            0x0800102d   Thumb Code    18  stm32f4xx_can.o(i.CheckITStatus)
    i.DMA_Cmd                                0x0800103e   Section        0  stm32f4xx_dma.o(i.DMA_Cmd)
    i.DMA_DeInit                             0x08001054   Section        0  stm32f4xx_dma.o(i.DMA_DeInit)
    i.DMA_GetCmdStatus                       0x080011ac   Section        0  stm32f4xx_dma.o(i.DMA_GetCmdStatus)
    i.DMA_GetCurrDataCounter                 0x080011c0   Section        0  stm32f4xx_dma.o(i.DMA_GetCurrDataCounter)
    i.DMA_Init                               0x080011c8   Section        0  stm32f4xx_dma.o(i.DMA_Init)
    i.DMA_SetCurrDataCounter                 0x08001220   Section        0  stm32f4xx_dma.o(i.DMA_SetCurrDataCounter)
    i.DR16_dataProcess                       0x08001224   Section        0  dr16_receiver.o(i.DR16_dataProcess)
    i.DR16_receiverInit                      0x080013e4   Section        0  dr16_receiver.o(i.DR16_receiverInit)
    i.DebugMon_Handler                       0x08001400   Section        0  stm32f4xx_it.o(i.DebugMon_Handler)
    i.Filter_IIRLPF                          0x08001402   Section        0  filter.o(i.Filter_IIRLPF)
    i.GPIO_Init                              0x0800141c   Section        0  stm32f4xx_gpio.o(i.GPIO_Init)
    i.GPIO_PinAFConfig                       0x080014ac   Section        0  stm32f4xx_gpio.o(i.GPIO_PinAFConfig)
    i.GPIO_ResetBits                         0x080014f2   Section        0  stm32f4xx_gpio.o(i.GPIO_ResetBits)
    i.HardFault_Handler                      0x080014f6   Section        0  stm32f4xx_it.o(i.HardFault_Handler)
    i.IncrementalPID_paraReset               0x080014fc   Section        0  pid.o(i.IncrementalPID_paraReset)
    i.Incremental_PID                        0x08001544   Section        0  pid.o(i.Incremental_PID)
    i.Init                                   0x08001608   Section        0  user_code.o(i.Init)
    i.KEY_GPIO_Config                        0x0800163c   Section        0  key.o(i.KEY_GPIO_Config)
    i.LED_GPIO_Config                        0x0800166c   Section        0  led.o(i.LED_GPIO_Config)
    i.M3508_getInfo                          0x080016a8   Section        0  m3508_motor.o(i.M3508_getInfo)
    i.M3508_setCurrent                       0x08001748   Section        0  m3508_motor.o(i.M3508_setCurrent)
    i.MecanumCalculate                       0x0800179c   Section        0  chassis_control.o(i.MecanumCalculate)
    i.MemManage_Handler                      0x0800196c   Section        0  stm32f4xx_it.o(i.MemManage_Handler)
    i.NMI_Handler                            0x08001970   Section        0  stm32f4xx_it.o(i.NMI_Handler)
    i.NVIC_Config                            0x08001972   Section        0  nvic.o(i.NVIC_Config)
    i.NVIC_Init                              0x0800199c   Section        0  misc.o(i.NVIC_Init)
    i.PendSV_Handler                         0x08001a14   Section        0  stm32f4xx_it.o(i.PendSV_Handler)
    i.RCC_AHB1PeriphClockCmd                 0x08001a18   Section        0  stm32f4xx_rcc.o(i.RCC_AHB1PeriphClockCmd)
    i.RCC_APB1PeriphClockCmd                 0x08001a38   Section        0  stm32f4xx_rcc.o(i.RCC_APB1PeriphClockCmd)
    i.RCC_APB2PeriphClockCmd                 0x08001a58   Section        0  stm32f4xx_rcc.o(i.RCC_APB2PeriphClockCmd)
    i.RCC_GetClocksFreq                      0x08001a78   Section        0  stm32f4xx_rcc.o(i.RCC_GetClocksFreq)
    i.Rocker_getData                         0x08001b60   Section        0  dr16_receiver.o(i.Rocker_getData)
    i.SVC_Handler                            0x08001bc8   Section        0  stm32f4xx_it.o(i.SVC_Handler)
    i.SetSysClock                            0x08001bcc   Section        0  system_stm32f4xx.o(i.SetSysClock)
    SetSysClock                              0x08001bcd   Thumb Code   272  system_stm32f4xx.o(i.SetSysClock)
    i.SysTick_Config                         0x08001cec   Section        0  delay.o(i.SysTick_Config)
    SysTick_Config                           0x08001ced   Thumb Code    74  delay.o(i.SysTick_Config)
    i.SysTick_Handler                        0x08001d40   Section        0  stm32f4xx_it.o(i.SysTick_Handler)
    i.SystemInit                             0x08001d44   Section        0  system_stm32f4xx.o(i.SystemInit)
    i.TIM6_CounterMode                       0x08001dac   Section        0  tim.o(i.TIM6_CounterMode)
    i.TIM6_DAC_IRQHandler                    0x08001dfc   Section        0  stm32f4xx_it.o(i.TIM6_DAC_IRQHandler)
    i.TIM_ARRPreloadConfig                   0x08001ea8   Section        0  stm32f4xx_tim.o(i.TIM_ARRPreloadConfig)
    i.TIM_ClearITPendingBit                  0x08001ec0   Section        0  stm32f4xx_tim.o(i.TIM_ClearITPendingBit)
    i.TIM_Cmd                                0x08001ec6   Section        0  stm32f4xx_tim.o(i.TIM_Cmd)
    i.TIM_GetITStatus                        0x08001ede   Section        0  stm32f4xx_tim.o(i.TIM_GetITStatus)
    i.TIM_ITConfig                           0x08001f00   Section        0  stm32f4xx_tim.o(i.TIM_ITConfig)
    i.TIM_TimeBaseInit                       0x08001f14   Section        0  stm32f4xx_tim.o(i.TIM_TimeBaseInit)
    i.Test                                   0x08001f98   Section        0  user_code.o(i.Test)
    i.USART1_IRQHandler                      0x08001f9c   Section        0  stm32f4xx_it.o(i.USART1_IRQHandler)
    i.USART1_QuickInit                       0x08001fe8   Section        0  usart.o(i.USART1_QuickInit)
    i.USART1_RXDMA_Config                    0x0800208c   Section        0  usart.o(i.USART1_RXDMA_Config)
    i.USART2_QuickInit                       0x08002118   Section        0  usart.o(i.USART2_QuickInit)
    i.USART_Cmd                              0x080021bc   Section        0  stm32f4xx_usart.o(i.USART_Cmd)
    i.USART_DMACmd                           0x080021d4   Section        0  stm32f4xx_usart.o(i.USART_DMACmd)
    i.USART_GetITStatus                      0x080021e6   Section        0  stm32f4xx_usart.o(i.USART_GetITStatus)
    i.USART_ITConfig                         0x0800223a   Section        0  stm32f4xx_usart.o(i.USART_ITConfig)
    i.USART_Init                             0x08002284   Section        0  stm32f4xx_usart.o(i.USART_Init)
    i.UsageFault_Handler                     0x08002358   Section        0  stm32f4xx_it.o(i.UsageFault_Handler)
    i.__ARM_fpclassify                       0x0800235c   Section        0  fpclassify.o(i.__ARM_fpclassify)
    i.__hardfp_atan                          0x08002390   Section        0  atan.o(i.__hardfp_atan)
    i.__hardfp_atan2                         0x08002668   Section        0  atan2.o(i.__hardfp_atan2)
    i.__kernel_poly                          0x08002858   Section        0  poly.o(i.__kernel_poly)
    i.__mathlib_dbl_infnan                   0x08002950   Section        0  dunder.o(i.__mathlib_dbl_infnan)
    i.__mathlib_dbl_infnan2                  0x08002964   Section        0  dunder.o(i.__mathlib_dbl_infnan2)
    i.__mathlib_dbl_underflow                0x08002978   Section        0  dunder.o(i.__mathlib_dbl_underflow)
    i.__scatterload_copy                     0x08002998   Section       14  handlers.o(i.__scatterload_copy)
    i.__scatterload_null                     0x080029a6   Section        2  handlers.o(i.__scatterload_null)
    i.__scatterload_zeroinit                 0x080029a8   Section       14  handlers.o(i.__scatterload_zeroinit)
    i.abs_limit                              0x080029b6   Section        0  pid.o(i.abs_limit)
    i.atan                                   0x080029e4   Section        0  atan.o(i.atan)
    i.delay_ms                               0x080029f4   Section        0  delay.o(i.delay_ms)
    i.fabs                                   0x08002a3c   Section        0  fabs.o(i.fabs)
    i.main                                   0x08002a54   Section        0  main.o(i.main)
    .constdata                               0x08002a60   Section      152  atan.o(.constdata)
    atanhi                                   0x08002a60   Data          32  atan.o(.constdata)
    atanlo                                   0x08002a80   Data          32  atan.o(.constdata)
    aTodd                                    0x08002aa0   Data          40  atan.o(.constdata)
    aTeven                                   0x08002ac8   Data          48  atan.o(.constdata)
    .constdata                               0x08002af8   Section        8  qnan.o(.constdata)
    .data                                    0x20000000   Section        2  dr16_receiver.o(.data)
    .data                                    0x20000002   Section       16  stm32f4xx_rcc.o(.data)
    APBAHBPrescTable                         0x20000002   Data          16  stm32f4xx_rcc.o(.data)
    .data                                    0x20000014   Section       20  system_stm32f4xx.o(.data)
    .bss                                     0x20000028   Section       96  chassis_control.o(.bss)
    .bss                                     0x20000088   Section      272  m3508_motor.o(.bss)
    .bss                                     0x20000198   Section      104  dr16_receiver.o(.bss)
    STACK                                    0x20000200   Section     1024  startup_stm32f427_437xx.o(STACK)

    Global Symbols

    Symbol Name                              Value     Ov Type        Size  Object(Section)

    BuildAttributes$$THM_ISAv4$E$P$D$K$B$S$7EM$VFPi3$EXTD16$VFPS$VFMA$PE$A:L22UL41UL21$X:L11$S22US41US21$IEEE1$IW$USESV6$~STKCKD$USESV7$~SHL$OTIME$ROPI$IEEEX$EBA8$MICROLIB$REQ8$PRES8$EABIv2 0x00000000   Number         0  anon$$obj.o ABSOLUTE
    __ARM_use_no_argv                        0x00000000   Number         0  main.o ABSOLUTE
    __cpp_initialize__aeabi_                  - Undefined Weak Reference
    __cxa_finalize                            - Undefined Weak Reference
    __decompress                              - Undefined Weak Reference
    _clock_init                               - Undefined Weak Reference
    _microlib_exit                            - Undefined Weak Reference
    __Vectors_Size                           0x000001ac   Number         0  startup_stm32f427_437xx.o ABSOLUTE
    __Vectors                                0x08000000   Data           4  startup_stm32f427_437xx.o(RESET)
    __Vectors_End                            0x080001ac   Data           0  startup_stm32f427_437xx.o(RESET)
    __main                                   0x080001ad   Thumb Code     0  entry.o(.ARM.Collect$$$$00000000)
    _main_stk                                0x080001ad   Thumb Code     0  entry2.o(.ARM.Collect$$$$00000001)
    _main_scatterload                        0x080001b1   Thumb Code     0  entry5.o(.ARM.Collect$$$$00000004)
    __main_after_scatterload                 0x080001b5   Thumb Code     0  entry5.o(.ARM.Collect$$$$00000004)
    _main_clock                              0x080001b5   Thumb Code     0  entry7b.o(.ARM.Collect$$$$00000008)
    _main_cpp_init                           0x080001b5   Thumb Code     0  entry8b.o(.ARM.Collect$$$$0000000A)
    _main_init                               0x080001b5   Thumb Code     0  entry9a.o(.ARM.Collect$$$$0000000B)
    __rt_final_cpp                           0x080001bd   Thumb Code     0  entry10a.o(.ARM.Collect$$$$0000000D)
    __rt_final_exit                          0x080001bd   Thumb Code     0  entry11a.o(.ARM.Collect$$$$0000000F)
    Reset_Handler                            0x080001c1   Thumb Code     8  startup_stm32f427_437xx.o(.text)
    ADC_IRQHandler                           0x080001db   Thumb Code     0  startup_stm32f427_437xx.o(.text)
    CAN1_RX1_IRQHandler                      0x080001db   Thumb Code     0  startup_stm32f427_437xx.o(.text)
    CAN1_SCE_IRQHandler                      0x080001db   Thumb Code     0  startup_stm32f427_437xx.o(.text)
    CAN1_TX_IRQHandler                       0x080001db   Thumb Code     0  startup_stm32f427_437xx.o(.text)
    CAN2_RX0_IRQHandler                      0x080001db   Thumb Code     0  startup_stm32f427_437xx.o(.text)
    CAN2_RX1_IRQHandler                      0x080001db   Thumb Code     0  startup_stm32f427_437xx.o(.text)
    CAN2_SCE_IRQHandler                      0x080001db   Thumb Code     0  startup_stm32f427_437xx.o(.text)
    CAN2_TX_IRQHandler                       0x080001db   Thumb Code     0  startup_stm32f427_437xx.o(.text)
    CRYP_IRQHandler                          0x080001db   Thumb Code     0  startup_stm32f427_437xx.o(.text)
    DCMI_IRQHandler                          0x080001db   Thumb Code     0  startup_stm32f427_437xx.o(.text)
    DMA1_Stream0_IRQHandler                  0x080001db   Thumb Code     0  startup_stm32f427_437xx.o(.text)
    DMA1_Stream1_IRQHandler                  0x080001db   Thumb Code     0  startup_stm32f427_437xx.o(.text)
    DMA1_Stream2_IRQHandler                  0x080001db   Thumb Code     0  startup_stm32f427_437xx.o(.text)
    DMA1_Stream3_IRQHandler                  0x080001db   Thumb Code     0  startup_stm32f427_437xx.o(.text)
    DMA1_Stream4_IRQHandler                  0x080001db   Thumb Code     0  startup_stm32f427_437xx.o(.text)
    DMA1_Stream5_IRQHandler                  0x080001db   Thumb Code     0  startup_stm32f427_437xx.o(.text)
    DMA1_Stream6_IRQHandler                  0x080001db   Thumb Code     0  startup_stm32f427_437xx.o(.text)
    DMA1_Stream7_IRQHandler                  0x080001db   Thumb Code     0  startup_stm32f427_437xx.o(.text)
    DMA2D_IRQHandler                         0x080001db   Thumb Code     0  startup_stm32f427_437xx.o(.text)
    DMA2_Stream0_IRQHandler                  0x080001db   Thumb Code     0  startup_stm32f427_437xx.o(.text)
    DMA2_Stream1_IRQHandler                  0x080001db   Thumb Code     0  startup_stm32f427_437xx.o(.text)
    DMA2_Stream2_IRQHandler                  0x080001db   Thumb Code     0  startup_stm32f427_437xx.o(.text)
    DMA2_Stream3_IRQHandler                  0x080001db   Thumb Code     0  startup_stm32f427_437xx.o(.text)
    DMA2_Stream4_IRQHandler                  0x080001db   Thumb Code     0  startup_stm32f427_437xx.o(.text)
    DMA2_Stream5_IRQHandler                  0x080001db   Thumb Code     0  startup_stm32f427_437xx.o(.text)
    DMA2_Stream6_IRQHandler                  0x080001db   Thumb Code     0  startup_stm32f427_437xx.o(.text)
    DMA2_Stream7_IRQHandler                  0x080001db   Thumb Code     0  startup_stm32f427_437xx.o(.text)
    ETH_IRQHandler                           0x080001db   Thumb Code     0  startup_stm32f427_437xx.o(.text)
    ETH_WKUP_IRQHandler                      0x080001db   Thumb Code     0  startup_stm32f427_437xx.o(.text)
    EXTI0_IRQHandler                         0x080001db   Thumb Code     0  startup_stm32f427_437xx.o(.text)
    EXTI15_10_IRQHandler                     0x080001db   Thumb Code     0  startup_stm32f427_437xx.o(.text)
    EXTI1_IRQHandler                         0x080001db   Thumb Code     0  startup_stm32f427_437xx.o(.text)
    EXTI2_IRQHandler                         0x080001db   Thumb Code     0  startup_stm32f427_437xx.o(.text)
    EXTI3_IRQHandler                         0x080001db   Thumb Code     0  startup_stm32f427_437xx.o(.text)
    EXTI4_IRQHandler                         0x080001db   Thumb Code     0  startup_stm32f427_437xx.o(.text)
    EXTI9_5_IRQHandler                       0x080001db   Thumb Code     0  startup_stm32f427_437xx.o(.text)
    FLASH_IRQHandler                         0x080001db   Thumb Code     0  startup_stm32f427_437xx.o(.text)
    FMC_IRQHandler                           0x080001db   Thumb Code     0  startup_stm32f427_437xx.o(.text)
    FPU_IRQHandler                           0x080001db   Thumb Code     0  startup_stm32f427_437xx.o(.text)
    HASH_RNG_IRQHandler                      0x080001db   Thumb Code     0  startup_stm32f427_437xx.o(.text)
    I2C1_ER_IRQHandler                       0x080001db   Thumb Code     0  startup_stm32f427_437xx.o(.text)
    I2C1_EV_IRQHandler                       0x080001db   Thumb Code     0  startup_stm32f427_437xx.o(.text)
    I2C2_ER_IRQHandler                       0x080001db   Thumb Code     0  startup_stm32f427_437xx.o(.text)
    I2C2_EV_IRQHandler                       0x080001db   Thumb Code     0  startup_stm32f427_437xx.o(.text)
    I2C3_ER_IRQHandler                       0x080001db   Thumb Code     0  startup_stm32f427_437xx.o(.text)
    I2C3_EV_IRQHandler                       0x080001db   Thumb Code     0  startup_stm32f427_437xx.o(.text)
    OTG_FS_IRQHandler                        0x080001db   Thumb Code     0  startup_stm32f427_437xx.o(.text)
    OTG_FS_WKUP_IRQHandler                   0x080001db   Thumb Code     0  startup_stm32f427_437xx.o(.text)
    OTG_HS_EP1_IN_IRQHandler                 0x080001db   Thumb Code     0  startup_stm32f427_437xx.o(.text)
    OTG_HS_EP1_OUT_IRQHandler                0x080001db   Thumb Code     0  startup_stm32f427_437xx.o(.text)
    OTG_HS_IRQHandler                        0x080001db   Thumb Code     0  startup_stm32f427_437xx.o(.text)
    OTG_HS_WKUP_IRQHandler                   0x080001db   Thumb Code     0  startup_stm32f427_437xx.o(.text)
    PVD_IRQHandler                           0x080001db   Thumb Code     0  startup_stm32f427_437xx.o(.text)
    RCC_IRQHandler                           0x080001db   Thumb Code     0  startup_stm32f427_437xx.o(.text)
    RTC_Alarm_IRQHandler                     0x080001db   Thumb Code     0  startup_stm32f427_437xx.o(.text)
    RTC_WKUP_IRQHandler                      0x080001db   Thumb Code     0  startup_stm32f427_437xx.o(.text)
    SAI1_IRQHandler                          0x080001db   Thumb Code     0  startup_stm32f427_437xx.o(.text)
    SDIO_IRQHandler                          0x080001db   Thumb Code     0  startup_stm32f427_437xx.o(.text)
    SPI1_IRQHandler                          0x080001db   Thumb Code     0  startup_stm32f427_437xx.o(.text)
    SPI2_IRQHandler                          0x080001db   Thumb Code     0  startup_stm32f427_437xx.o(.text)
    SPI3_IRQHandler                          0x080001db   Thumb Code     0  startup_stm32f427_437xx.o(.text)
    SPI4_IRQHandler                          0x080001db   Thumb Code     0  startup_stm32f427_437xx.o(.text)
    SPI5_IRQHandler                          0x080001db   Thumb Code     0  startup_stm32f427_437xx.o(.text)
    SPI6_IRQHandler                          0x080001db   Thumb Code     0  startup_stm32f427_437xx.o(.text)
    TAMP_STAMP_IRQHandler                    0x080001db   Thumb Code     0  startup_stm32f427_437xx.o(.text)
    TIM1_BRK_TIM9_IRQHandler                 0x080001db   Thumb Code     0  startup_stm32f427_437xx.o(.text)
    TIM1_CC_IRQHandler                       0x080001db   Thumb Code     0  startup_stm32f427_437xx.o(.text)
    TIM1_TRG_COM_TIM11_IRQHandler            0x080001db   Thumb Code     0  startup_stm32f427_437xx.o(.text)
    TIM1_UP_TIM10_IRQHandler                 0x080001db   Thumb Code     0  startup_stm32f427_437xx.o(.text)
    TIM2_IRQHandler                          0x080001db   Thumb Code     0  startup_stm32f427_437xx.o(.text)
    TIM3_IRQHandler                          0x080001db   Thumb Code     0  startup_stm32f427_437xx.o(.text)
    TIM4_IRQHandler                          0x080001db   Thumb Code     0  startup_stm32f427_437xx.o(.text)
    TIM5_IRQHandler                          0x080001db   Thumb Code     0  startup_stm32f427_437xx.o(.text)
    TIM7_IRQHandler                          0x080001db   Thumb Code     0  startup_stm32f427_437xx.o(.text)
    TIM8_BRK_TIM12_IRQHandler                0x080001db   Thumb Code     0  startup_stm32f427_437xx.o(.text)
    TIM8_CC_IRQHandler                       0x080001db   Thumb Code     0  startup_stm32f427_437xx.o(.text)
    TIM8_TRG_COM_TIM14_IRQHandler            0x080001db   Thumb Code     0  startup_stm32f427_437xx.o(.text)
    TIM8_UP_TIM13_IRQHandler                 0x080001db   Thumb Code     0  startup_stm32f427_437xx.o(.text)
    UART4_IRQHandler                         0x080001db   Thumb Code     0  startup_stm32f427_437xx.o(.text)
    UART5_IRQHandler                         0x080001db   Thumb Code     0  startup_stm32f427_437xx.o(.text)
    UART7_IRQHandler                         0x080001db   Thumb Code     0  startup_stm32f427_437xx.o(.text)
    UART8_IRQHandler                         0x080001db   Thumb Code     0  startup_stm32f427_437xx.o(.text)
    USART2_IRQHandler                        0x080001db   Thumb Code     0  startup_stm32f427_437xx.o(.text)
    USART3_IRQHandler                        0x080001db   Thumb Code     0  startup_stm32f427_437xx.o(.text)
    USART6_IRQHandler                        0x080001db   Thumb Code     0  startup_stm32f427_437xx.o(.text)
    WWDG_IRQHandler                          0x080001db   Thumb Code     0  startup_stm32f427_437xx.o(.text)
    __aeabi_f2d                              0x080001e5   Thumb Code    38  f2d.o(.text)
    __aeabi_d2f                              0x0800020b   Thumb Code    56  d2f.o(.text)
    __I$use$fp                               0x08000243   Thumb Code     0  iusefp.o(.text)
    _float_round                             0x08000243   Thumb Code    18  fepilogue.o(.text)
    _float_epilogue                          0x08000255   Thumb Code    92  fepilogue.o(.text)
    __aeabi_dadd                             0x080002b1   Thumb Code   322  dadd.o(.text)
    __aeabi_dsub                             0x080003f3   Thumb Code     6  dadd.o(.text)
    __aeabi_drsub                            0x080003f9   Thumb Code     6  dadd.o(.text)
    __aeabi_ddiv                             0x080003ff   Thumb Code   222  ddiv.o(.text)
    __scatterload                            0x080004dd   Thumb Code    28  init.o(.text)
    __scatterload_rt2                        0x080004dd   Thumb Code     0  init.o(.text)
    __aeabi_llsl                             0x08000501   Thumb Code    30  llshl.o(.text)
    _ll_shift_l                              0x08000501   Thumb Code     0  llshl.o(.text)
    __aeabi_lasr                             0x0800051f   Thumb Code    36  llsshr.o(.text)
    _ll_sshift_r                             0x0800051f   Thumb Code     0  llsshr.o(.text)
    _double_round                            0x08000543   Thumb Code    30  depilogue.o(.text)
    _double_epilogue                         0x08000561   Thumb Code   156  depilogue.o(.text)
    __aeabi_dmul                             0x080005fd   Thumb Code   228  dmul.o(.text)
    __aeabi_llsr                             0x080006e1   Thumb Code    32  llushr.o(.text)
    _ll_ushift_r                             0x080006e1   Thumb Code     0  llushr.o(.text)
    BusFault_Handler                         0x08000701   Thumb Code     4  stm32f4xx_it.o(i.BusFault_Handler)
    CAN1_QuickInit                           0x08000705   Thumb Code   222  can.o(i.CAN1_QuickInit)
    CAN1_RX0_IRQHandler                      0x080007ed   Thumb Code    50  stm32f4xx_it.o(i.CAN1_RX0_IRQHandler)
    CAN_ClearITPendingBit                    0x08000825   Thumb Code   162  stm32f4xx_can.o(i.CAN_ClearITPendingBit)
    CAN_FilterInit                           0x080008cd   Thumb Code   258  stm32f4xx_can.o(i.CAN_FilterInit)
    CAN_GetITStatus                          0x080009d5   Thumb Code   284  stm32f4xx_can.o(i.CAN_GetITStatus)
    CAN_ITConfig                             0x08000af5   Thumb Code    18  stm32f4xx_can.o(i.CAN_ITConfig)
    CAN_Init                                 0x08000b07   Thumb Code   276  stm32f4xx_can.o(i.CAN_Init)
    CAN_Receive                              0x08000c1b   Thumb Code   240  stm32f4xx_can.o(i.CAN_Receive)
    CAN_SendData                             0x08000d0b   Thumb Code    68  can.o(i.CAN_SendData)
    CAN_Transmit                             0x08000d4f   Thumb Code   294  stm32f4xx_can.o(i.CAN_Transmit)
    Chassis_Init                             0x08000e75   Thumb Code    92  chassis_control.o(i.Chassis_Init)
    Chassis_processing                       0x08000eed   Thumb Code   304  chassis_control.o(i.Chassis_processing)
    DMA_Cmd                                  0x0800103f   Thumb Code    22  stm32f4xx_dma.o(i.DMA_Cmd)
    DMA_DeInit                               0x08001055   Thumb Code   324  stm32f4xx_dma.o(i.DMA_DeInit)
    DMA_GetCmdStatus                         0x080011ad   Thumb Code    20  stm32f4xx_dma.o(i.DMA_GetCmdStatus)
    DMA_GetCurrDataCounter                   0x080011c1   Thumb Code     8  stm32f4xx_dma.o(i.DMA_GetCurrDataCounter)
    DMA_Init                                 0x080011c9   Thumb Code    82  stm32f4xx_dma.o(i.DMA_Init)
    DMA_SetCurrDataCounter                   0x08001221   Thumb Code     4  stm32f4xx_dma.o(i.DMA_SetCurrDataCounter)
    DR16_dataProcess                         0x08001225   Thumb Code   430  dr16_receiver.o(i.DR16_dataProcess)
    DR16_receiverInit                        0x080013e5   Thumb Code    18  dr16_receiver.o(i.DR16_receiverInit)
    DebugMon_Handler                         0x08001401   Thumb Code     2  stm32f4xx_it.o(i.DebugMon_Handler)
    Filter_IIRLPF                            0x08001403   Thumb Code    26  filter.o(i.Filter_IIRLPF)
    GPIO_Init                                0x0800141d   Thumb Code   144  stm32f4xx_gpio.o(i.GPIO_Init)
    GPIO_PinAFConfig                         0x080014ad   Thumb Code    70  stm32f4xx_gpio.o(i.GPIO_PinAFConfig)
    GPIO_ResetBits                           0x080014f3   Thumb Code     4  stm32f4xx_gpio.o(i.GPIO_ResetBits)
    HardFault_Handler                        0x080014f7   Thumb Code     4  stm32f4xx_it.o(i.HardFault_Handler)
    IncrementalPID_paraReset                 0x080014fd   Thumb Code    66  pid.o(i.IncrementalPID_paraReset)
    Incremental_PID                          0x08001545   Thumb Code   196  pid.o(i.Incremental_PID)
    Init                                     0x08001609   Thumb Code    50  user_code.o(i.Init)
    KEY_GPIO_Config                          0x0800163d   Thumb Code    44  key.o(i.KEY_GPIO_Config)
    LED_GPIO_Config                          0x0800166d   Thumb Code    54  led.o(i.LED_GPIO_Config)
    M3508_getInfo                            0x080016a9   Thumb Code   154  m3508_motor.o(i.M3508_getInfo)
    M3508_setCurrent                         0x08001749   Thumb Code    78  m3508_motor.o(i.M3508_setCurrent)
    MecanumCalculate                         0x0800179d   Thumb Code   452  chassis_control.o(i.MecanumCalculate)
    MemManage_Handler                        0x0800196d   Thumb Code     4  stm32f4xx_it.o(i.MemManage_Handler)
    NMI_Handler                              0x08001971   Thumb Code     2  stm32f4xx_it.o(i.NMI_Handler)
    NVIC_Config                              0x08001973   Thumb Code    40  nvic.o(i.NVIC_Config)
    NVIC_Init                                0x0800199d   Thumb Code   106  misc.o(i.NVIC_Init)
    PendSV_Handler                           0x08001a15   Thumb Code     2  stm32f4xx_it.o(i.PendSV_Handler)
    RCC_AHB1PeriphClockCmd                   0x08001a19   Thumb Code    26  stm32f4xx_rcc.o(i.RCC_AHB1PeriphClockCmd)
    RCC_APB1PeriphClockCmd                   0x08001a39   Thumb Code    26  stm32f4xx_rcc.o(i.RCC_APB1PeriphClockCmd)
    RCC_APB2PeriphClockCmd                   0x08001a59   Thumb Code    26  stm32f4xx_rcc.o(i.RCC_APB2PeriphClockCmd)
    RCC_GetClocksFreq                        0x08001a79   Thumb Code   214  stm32f4xx_rcc.o(i.RCC_GetClocksFreq)
    Rocker_getData                           0x08001b61   Thumb Code   104  dr16_receiver.o(i.Rocker_getData)
    SVC_Handler                              0x08001bc9   Thumb Code     2  stm32f4xx_it.o(i.SVC_Handler)
    SysTick_Handler                          0x08001d41   Thumb Code     2  stm32f4xx_it.o(i.SysTick_Handler)
    SystemInit                               0x08001d45   Thumb Code    88  system_stm32f4xx.o(i.SystemInit)
    TIM6_CounterMode                         0x08001dad   Thumb Code    76  tim.o(i.TIM6_CounterMode)
    TIM6_DAC_IRQHandler                      0x08001dfd   Thumb Code   150  stm32f4xx_it.o(i.TIM6_DAC_IRQHandler)
    TIM_ARRPreloadConfig                     0x08001ea9   Thumb Code    24  stm32f4xx_tim.o(i.TIM_ARRPreloadConfig)
    TIM_ClearITPendingBit                    0x08001ec1   Thumb Code     6  stm32f4xx_tim.o(i.TIM_ClearITPendingBit)
    TIM_Cmd                                  0x08001ec7   Thumb Code    24  stm32f4xx_tim.o(i.TIM_Cmd)
    TIM_GetITStatus                          0x08001edf   Thumb Code    34  stm32f4xx_tim.o(i.TIM_GetITStatus)
    TIM_ITConfig                             0x08001f01   Thumb Code    18  stm32f4xx_tim.o(i.TIM_ITConfig)
    TIM_TimeBaseInit                         0x08001f15   Thumb Code   104  stm32f4xx_tim.o(i.TIM_TimeBaseInit)
    Test                                     0x08001f99   Thumb Code     2  user_code.o(i.Test)
    USART1_IRQHandler                        0x08001f9d   Thumb Code    64  stm32f4xx_it.o(i.USART1_IRQHandler)
    USART1_QuickInit                         0x08001fe9   Thumb Code   156  usart.o(i.USART1_QuickInit)
    USART1_RXDMA_Config                      0x0800208d   Thumb Code   130  usart.o(i.USART1_RXDMA_Config)
    USART2_QuickInit                         0x08002119   Thumb Code   156  usart.o(i.USART2_QuickInit)
    USART_Cmd                                0x080021bd   Thumb Code    24  stm32f4xx_usart.o(i.USART_Cmd)
    USART_DMACmd                             0x080021d5   Thumb Code    18  stm32f4xx_usart.o(i.USART_DMACmd)
    USART_GetITStatus                        0x080021e7   Thumb Code    84  stm32f4xx_usart.o(i.USART_GetITStatus)
    USART_ITConfig                           0x0800223b   Thumb Code    74  stm32f4xx_usart.o(i.USART_ITConfig)
    USART_Init                               0x08002285   Thumb Code   204  stm32f4xx_usart.o(i.USART_Init)
    UsageFault_Handler                       0x08002359   Thumb Code     4  stm32f4xx_it.o(i.UsageFault_Handler)
    __ARM_fpclassify                         0x0800235d   Thumb Code    48  fpclassify.o(i.__ARM_fpclassify)
    __hardfp_atan                            0x08002391   Thumb Code   622  atan.o(i.__hardfp_atan)
    __hardfp_atan2                           0x08002669   Thumb Code   432  atan2.o(i.__hardfp_atan2)
    __kernel_poly                            0x08002859   Thumb Code   248  poly.o(i.__kernel_poly)
    __mathlib_dbl_infnan                     0x08002951   Thumb Code    20  dunder.o(i.__mathlib_dbl_infnan)
    __mathlib_dbl_infnan2                    0x08002965   Thumb Code    20  dunder.o(i.__mathlib_dbl_infnan2)
    __mathlib_dbl_underflow                  0x08002979   Thumb Code    24  dunder.o(i.__mathlib_dbl_underflow)
    __scatterload_copy                       0x08002999   Thumb Code    14  handlers.o(i.__scatterload_copy)
    __scatterload_null                       0x080029a7   Thumb Code     2  handlers.o(i.__scatterload_null)
    __scatterload_zeroinit                   0x080029a9   Thumb Code    14  handlers.o(i.__scatterload_zeroinit)
    abs_limit                                0x080029b7   Thumb Code    46  pid.o(i.abs_limit)
    atan                                     0x080029e5   Thumb Code    16  atan.o(i.atan)
    delay_ms                                 0x080029f5   Thumb Code    66  delay.o(i.delay_ms)
    fabs                                     0x08002a3d   Thumb Code    24  fabs.o(i.fabs)
    main                                     0x08002a55   Thumb Code    12  main.o(i.main)
    __mathlib_zero                           0x08002af8   Data           8  qnan.o(.constdata)
    Region$$Table$$Base                      0x08002b00   Number         0  anon$$obj.o(Region$$Table)
    Region$$Table$$Limit                     0x08002b20   Number         0  anon$$obj.o(Region$$Table)
    ControlStatus                            0x20000000   Data           2  dr16_receiver.o(.data)
    SystemCoreClock                          0x20000014   Data           4  system_stm32f4xx.o(.data)
    AHBPrescTable                            0x20000018   Data          16  system_stm32f4xx.o(.data)
    Chassis                                  0x20000028   Data          96  chassis_control.o(.bss)
    M3508s                                   0x20000088   Data         272  m3508_motor.o(.bss)
    DR16_rxBuff                              0x20000198   Data          20  dr16_receiver.o(.bss)
    dr16_data                                0x200001ac   Data          24  dr16_receiver.o(.bss)
    dr16_rocker_L                            0x200001c4   Data          20  dr16_receiver.o(.bss)
    dr16_rocker_R                            0x200001d8   Data          20  dr16_receiver.o(.bss)
    pcRocker                                 0x200001ec   Data          20  dr16_receiver.o(.bss)
    __initial_sp                             0x20000600   Data           0  startup_stm32f427_437xx.o(STACK)



==============================================================================

Memory Map of the image

  Image Entry point : 0x080001c1

  Load Region LR_1 (Base: 0x08000000, Size: 0x00002b48, Max: 0xffffffff, ABSOLUTE)

    Execution Region ER_RO (Exec base: 0x08000000, Load base: 0x08000000, Size: 0x00002b20, Max: 0xffffffff, ABSOLUTE)

    Exec Addr    Load Addr    Size         Type   Attr      Idx    E Section Name        Object

    0x08000000   0x08000000   0x000001ac   Data   RO         5507    RESET               startup_stm32f427_437xx.o
    0x080001ac   0x080001ac   0x00000000   Code   RO         5524  * .ARM.Collect$$$$00000000  mc_w.l(entry.o)
    0x080001ac   0x080001ac   0x00000004   Code   RO         5566    .ARM.Collect$$$$00000001  mc_w.l(entry2.o)
    0x080001b0   0x080001b0   0x00000004   Code   RO         5569    .ARM.Collect$$$$00000004  mc_w.l(entry5.o)
    0x080001b4   0x080001b4   0x00000000   Code   RO         5571    .ARM.Collect$$$$00000008  mc_w.l(entry7b.o)
    0x080001b4   0x080001b4   0x00000000   Code   RO         5573    .ARM.Collect$$$$0000000A  mc_w.l(entry8b.o)
    0x080001b4   0x080001b4   0x00000008   Code   RO         5574    .ARM.Collect$$$$0000000B  mc_w.l(entry9a.o)
    0x080001bc   0x080001bc   0x00000000   Code   RO         5576    .ARM.Collect$$$$0000000D  mc_w.l(entry10a.o)
    0x080001bc   0x080001bc   0x00000000   Code   RO         5578    .ARM.Collect$$$$0000000F  mc_w.l(entry11a.o)
    0x080001bc   0x080001bc   0x00000004   Code   RO         5567    .ARM.Collect$$$$00002712  mc_w.l(entry2.o)
    0x080001c0   0x080001c0   0x00000024   Code   RO         5508  * .text               startup_stm32f427_437xx.o
    0x080001e4   0x080001e4   0x00000026   Code   RO         5527    .text               mf_w.l(f2d.o)
    0x0800020a   0x0800020a   0x00000038   Code   RO         5529    .text               mf_w.l(d2f.o)
    0x08000242   0x08000242   0x00000000   Code   RO         5587    .text               mc_w.l(iusefp.o)
    0x08000242   0x08000242   0x0000006e   Code   RO         5588    .text               mf_w.l(fepilogue.o)
    0x080002b0   0x080002b0   0x0000014e   Code   RO         5590    .text               mf_w.l(dadd.o)
    0x080003fe   0x080003fe   0x000000de   Code   RO         5592    .text               mf_w.l(ddiv.o)
    0x080004dc   0x080004dc   0x00000024   Code   RO         5600    .text               mc_w.l(init.o)
    0x08000500   0x08000500   0x0000001e   Code   RO         5602    .text               mc_w.l(llshl.o)
    0x0800051e   0x0800051e   0x00000024   Code   RO         5604    .text               mc_w.l(llsshr.o)
    0x08000542   0x08000542   0x000000ba   Code   RO         5606    .text               mf_w.l(depilogue.o)
    0x080005fc   0x080005fc   0x000000e4   Code   RO         5608    .text               mf_w.l(dmul.o)
    0x080006e0   0x080006e0   0x00000020   Code   RO         5610    .text               mc_w.l(llushr.o)
    0x08000700   0x08000700   0x00000004   Code   RO          217    i.BusFault_Handler  stm32f4xx_it.o
    0x08000704   0x08000704   0x000000e8   Code   RO          841    i.CAN1_QuickInit    can.o
    0x080007ec   0x080007ec   0x00000038   Code   RO          218    i.CAN1_RX0_IRQHandler  stm32f4xx_it.o
    0x08000824   0x08000824   0x000000a8   Code   RO         1214    i.CAN_ClearITPendingBit  stm32f4xx_can.o
    0x080008cc   0x080008cc   0x00000108   Code   RO         1218    i.CAN_FilterInit    stm32f4xx_can.o
    0x080009d4   0x080009d4   0x00000120   Code   RO         1220    i.CAN_GetITStatus   stm32f4xx_can.o
    0x08000af4   0x08000af4   0x00000012   Code   RO         1224    i.CAN_ITConfig      stm32f4xx_can.o
    0x08000b06   0x08000b06   0x00000114   Code   RO         1225    i.CAN_Init          stm32f4xx_can.o
    0x08000c1a   0x08000c1a   0x000000f0   Code   RO         1228    i.CAN_Receive       stm32f4xx_can.o
    0x08000d0a   0x08000d0a   0x00000044   Code   RO          843    i.CAN_SendData      can.o
    0x08000d4e   0x08000d4e   0x00000126   Code   RO         1233    i.CAN_Transmit      stm32f4xx_can.o
    0x08000e74   0x08000e74   0x00000078   Code   RO          349    i.Chassis_Init      chassis_control.o
    0x08000eec   0x08000eec   0x00000140   Code   RO          351    i.Chassis_processing  chassis_control.o
    0x0800102c   0x0800102c   0x00000012   Code   RO         1236    i.CheckITStatus     stm32f4xx_can.o
    0x0800103e   0x0800103e   0x00000016   Code   RO         1993    i.DMA_Cmd           stm32f4xx_dma.o
    0x08001054   0x08001054   0x00000158   Code   RO         1994    i.DMA_DeInit        stm32f4xx_dma.o
    0x080011ac   0x080011ac   0x00000014   Code   RO         1998    i.DMA_GetCmdStatus  stm32f4xx_dma.o
    0x080011c0   0x080011c0   0x00000008   Code   RO         1999    i.DMA_GetCurrDataCounter  stm32f4xx_dma.o
    0x080011c8   0x080011c8   0x00000058   Code   RO         2005    i.DMA_Init          stm32f4xx_dma.o
    0x08001220   0x08001220   0x00000004   Code   RO         2008    i.DMA_SetCurrDataCounter  stm32f4xx_dma.o
    0x08001224   0x08001224   0x000001c0   Code   RO          521    i.DR16_dataProcess  dr16_receiver.o
    0x080013e4   0x080013e4   0x0000001c   Code   RO          522    i.DR16_receiverInit  dr16_receiver.o
    0x08001400   0x08001400   0x00000002   Code   RO          219    i.DebugMon_Handler  stm32f4xx_it.o
    0x08001402   0x08001402   0x0000001a   Code   RO          603    i.Filter_IIRLPF     filter.o
    0x0800141c   0x0800141c   0x00000090   Code   RO         2523    i.GPIO_Init         stm32f4xx_gpio.o
    0x080014ac   0x080014ac   0x00000046   Code   RO         2524    i.GPIO_PinAFConfig  stm32f4xx_gpio.o
    0x080014f2   0x080014f2   0x00000004   Code   RO         2530    i.GPIO_ResetBits    stm32f4xx_gpio.o
    0x080014f6   0x080014f6   0x00000004   Code   RO          220    i.HardFault_Handler  stm32f4xx_it.o
    0x080014fa   0x080014fa   0x00000002   PAD
    0x080014fc   0x080014fc   0x00000048   Code   RO          422    i.IncrementalPID_paraReset  pid.o
    0x08001544   0x08001544   0x000000c4   Code   RO          424    i.Incremental_PID   pid.o
    0x08001608   0x08001608   0x00000032   Code   RO          307    i.Init              user_code.o
    0x0800163a   0x0800163a   0x00000002   PAD
    0x0800163c   0x0800163c   0x00000030   Code   RO          627    i.KEY_GPIO_Config   key.o
    0x0800166c   0x0800166c   0x0000003c   Code   RO          696    i.LED_GPIO_Config   led.o
    0x080016a8   0x080016a8   0x000000a0   Code   RO          485    i.M3508_getInfo     m3508_motor.o
    0x08001748   0x08001748   0x00000054   Code   RO          486    i.M3508_setCurrent  m3508_motor.o
    0x0800179c   0x0800179c   0x000001d0   Code   RO          352    i.MecanumCalculate  chassis_control.o
    0x0800196c   0x0800196c   0x00000004   Code   RO          221    i.MemManage_Handler  stm32f4xx_it.o
    0x08001970   0x08001970   0x00000002   Code   RO          222    i.NMI_Handler       stm32f4xx_it.o
    0x08001972   0x08001972   0x00000028   Code   RO          817    i.NVIC_Config       nvic.o
    0x0800199a   0x0800199a   0x00000002   PAD
    0x0800199c   0x0800199c   0x00000078   Code   RO          918    i.NVIC_Init         misc.o
    0x08001a14   0x08001a14   0x00000002   Code   RO          223    i.PendSV_Handler    stm32f4xx_it.o
    0x08001a16   0x08001a16   0x00000002   PAD
    0x08001a18   0x08001a18   0x00000020   Code   RO         3260    i.RCC_AHB1PeriphClockCmd  stm32f4xx_rcc.o
    0x08001a38   0x08001a38   0x00000020   Code   RO         3269    i.RCC_APB1PeriphClockCmd  stm32f4xx_rcc.o
    0x08001a58   0x08001a58   0x00000020   Code   RO         3272    i.RCC_APB2PeriphClockCmd  stm32f4xx_rcc.o
    0x08001a78   0x08001a78   0x000000e8   Code   RO         3281    i.RCC_GetClocksFreq  stm32f4xx_rcc.o
    0x08001b60   0x08001b60   0x00000068   Code   RO          523    i.Rocker_getData    dr16_receiver.o
    0x08001bc8   0x08001bc8   0x00000002   Code   RO          224    i.SVC_Handler       stm32f4xx_it.o
    0x08001bca   0x08001bca   0x00000002   PAD
    0x08001bcc   0x08001bcc   0x00000120   Code   RO         5467    i.SetSysClock       system_stm32f4xx.o
    0x08001cec   0x08001cec   0x00000054   Code   RO          657    i.SysTick_Config    delay.o
    0x08001d40   0x08001d40   0x00000002   Code   RO          225    i.SysTick_Handler   stm32f4xx_it.o
    0x08001d42   0x08001d42   0x00000002   PAD
    0x08001d44   0x08001d44   0x00000068   Code   RO         5469    i.SystemInit        system_stm32f4xx.o
    0x08001dac   0x08001dac   0x00000050   Code   RO          879    i.TIM6_CounterMode  tim.o
    0x08001dfc   0x08001dfc   0x000000ac   Code   RO          226    i.TIM6_DAC_IRQHandler  stm32f4xx_it.o
    0x08001ea8   0x08001ea8   0x00000018   Code   RO         4647    i.TIM_ARRPreloadConfig  stm32f4xx_tim.o
    0x08001ec0   0x08001ec0   0x00000006   Code   RO         4654    i.TIM_ClearITPendingBit  stm32f4xx_tim.o
    0x08001ec6   0x08001ec6   0x00000018   Code   RO         4659    i.TIM_Cmd           stm32f4xx_tim.o
    0x08001ede   0x08001ede   0x00000022   Code   RO         4680    i.TIM_GetITStatus   stm32f4xx_tim.o
    0x08001f00   0x08001f00   0x00000012   Code   RO         4684    i.TIM_ITConfig      stm32f4xx_tim.o
    0x08001f12   0x08001f12   0x00000002   PAD
    0x08001f14   0x08001f14   0x00000084   Code   RO         4731    i.TIM_TimeBaseInit  stm32f4xx_tim.o
    0x08001f98   0x08001f98   0x00000002   Code   RO          308    i.Test              user_code.o
    0x08001f9a   0x08001f9a   0x00000002   PAD
    0x08001f9c   0x08001f9c   0x0000004c   Code   RO          227    i.USART1_IRQHandler  stm32f4xx_it.o
    0x08001fe8   0x08001fe8   0x000000a4   Code   RO          720    i.USART1_QuickInit  usart.o
    0x0800208c   0x0800208c   0x0000008c   Code   RO          721    i.USART1_RXDMA_Config  usart.o
    0x08002118   0x08002118   0x000000a4   Code   RO          722    i.USART2_QuickInit  usart.o
    0x080021bc   0x080021bc   0x00000018   Code   RO         5213    i.USART_Cmd         stm32f4xx_usart.o
    0x080021d4   0x080021d4   0x00000012   Code   RO         5214    i.USART_DMACmd      stm32f4xx_usart.o
    0x080021e6   0x080021e6   0x00000054   Code   RO         5217    i.USART_GetITStatus  stm32f4xx_usart.o
    0x0800223a   0x0800223a   0x0000004a   Code   RO         5219    i.USART_ITConfig    stm32f4xx_usart.o
    0x08002284   0x08002284   0x000000d4   Code   RO         5220    i.USART_Init        stm32f4xx_usart.o
    0x08002358   0x08002358   0x00000004   Code   RO          228    i.UsageFault_Handler  stm32f4xx_it.o
    0x0800235c   0x0800235c   0x00000030   Code   RO         5596    i.__ARM_fpclassify  m_wm.l(fpclassify.o)
    0x0800238c   0x0800238c   0x00000004   PAD
    0x08002390   0x08002390   0x000002d8   Code   RO         5531    i.__hardfp_atan     m_wm.l(atan.o)
    0x08002668   0x08002668   0x000001f0   Code   RO         5512    i.__hardfp_atan2    m_wm.l(atan2.o)
    0x08002858   0x08002858   0x000000f8   Code   RO         5598    i.__kernel_poly     m_wm.l(poly.o)
    0x08002950   0x08002950   0x00000014   Code   RO         5546    i.__mathlib_dbl_infnan  m_wm.l(dunder.o)
    0x08002964   0x08002964   0x00000014   Code   RO         5547    i.__mathlib_dbl_infnan2  m_wm.l(dunder.o)
    0x08002978   0x08002978   0x00000020   Code   RO         5551    i.__mathlib_dbl_underflow  m_wm.l(dunder.o)
    0x08002998   0x08002998   0x0000000e   Code   RO         5614    i.__scatterload_copy  mc_w.l(handlers.o)
    0x080029a6   0x080029a6   0x00000002   Code   RO         5615    i.__scatterload_null  mc_w.l(handlers.o)
    0x080029a8   0x080029a8   0x0000000e   Code   RO         5616    i.__scatterload_zeroinit  mc_w.l(handlers.o)
    0x080029b6   0x080029b6   0x0000002e   Code   RO          428    i.abs_limit         pid.o
    0x080029e4   0x080029e4   0x00000010   Code   RO         5533    i.atan              m_wm.l(atan.o)
    0x080029f4   0x080029f4   0x00000048   Code   RO          658    i.delay_ms          delay.o
    0x08002a3c   0x08002a3c   0x00000018   Code   RO         5561    i.fabs              m_wm.l(fabs.o)
    0x08002a54   0x08002a54   0x0000000c   Code   RO            4    i.main              main.o
    0x08002a60   0x08002a60   0x00000098   Data   RO         5534    .constdata          m_wm.l(atan.o)
    0x08002af8   0x08002af8   0x00000008   Data   RO         5565    .constdata          m_wm.l(qnan.o)
    0x08002b00   0x08002b00   0x00000020   Data   RO         5612    Region$$Table       anon$$obj.o


    Execution Region ER_RW (Exec base: 0x20000000, Load base: 0x08002b20, Size: 0x00000028, Max: 0xffffffff, ABSOLUTE)

    Exec Addr    Load Addr    Size         Type   Attr      Idx    E Section Name        Object

    0x20000000   0x08002b20   0x00000002   Data   RW          525    .data               dr16_receiver.o
    0x20000002   0x08002b22   0x00000010   Data   RW         3313    .data               stm32f4xx_rcc.o
    0x20000012   0x08002b32   0x00000002   PAD
    0x20000014   0x08002b34   0x00000014   Data   RW         5470    .data               system_stm32f4xx.o


    Execution Region ER_ZI (Exec base: 0x20000028, Load base: 0x08002b48, Size: 0x000005d8, Max: 0xffffffff, ABSOLUTE)

    Exec Addr    Load Addr    Size         Type   Attr      Idx    E Section Name        Object

    0x20000028        -       0x00000060   Zero   RW          353    .bss                chassis_control.o
    0x20000088        -       0x00000110   Zero   RW          487    .bss                m3508_motor.o
    0x20000198        -       0x00000068   Zero   RW          524    .bss                dr16_receiver.o
    0x20000200        -       0x00000400   Zero   RW         5505    STACK               startup_stm32f427_437xx.o


==============================================================================

Image component sizes


      Code (inc. data)   RO Data    RW Data    ZI Data      Debug   Object Name

       300         10          0          0          0       1860   can.o
       904         56          0          0         96       3046   chassis_control.o
       156         16          0          0          0      27462   delay.o
       580         28          0          2        104       2875   dr16_receiver.o
        26          0          0          0          0        600   filter.o
        48          4          0          0          0        546   key.o
        60          6          0          0          0        550   led.o
       244         12          0          0        272       1964   m3508_motor.o
        12          0          0          0          0     322739   main.o
       120         14          0          0          0       1204   misc.o
        40          0          0          0          0        702   nvic.o
       314          6          0          0          0       2425   pid.o
        36          8        428          0       1024        960   startup_stm32f427_437xx.o
      1566         16          0          0          0       7214   stm32f4xx_can.o
       486         26          0          0          0       5451   stm32f4xx_dma.o
       218          0          0          0          0       2696   stm32f4xx_gpio.o
       330         40          0          0          0       6398   stm32f4xx_it.o
       328         36          0         16          0       5159   stm32f4xx_rcc.o
       238         28          0          0          0       4869   stm32f4xx_tim.o
       412          8          0          0          0       4845   stm32f4xx_usart.o
       392         32          0         20          0       2305   system_stm32f4xx.o
        80          4          0          0          0        667   tim.o
       468         26          0          0          0       2232   usart.o
        52          0          0          0          0        982   user_code.o

    ----------------------------------------------------------------------
      7426        376        460         40       1496     409751   Object Totals
         0          0         32          0          0          0   (incl. Generated)
        16          0          0          2          0          0   (incl. Padding)

    ----------------------------------------------------------------------

      Code (inc. data)   RO Data    RW Data    ZI Data      Debug   Library Member Name

       744        106        152          0          0        352   atan.o
       496         64          0          0          0        192   atan2.o
        72          8          0          0          0        372   dunder.o
        24          0          0          0          0        124   fabs.o
        48          0          0          0          0        124   fpclassify.o
       248          0          0          0          0        152   poly.o
         0          0          8          0          0          0   qnan.o
         0          0          0          0          0          0   entry.o
         0          0          0          0          0          0   entry10a.o
         0          0          0          0          0          0   entry11a.o
         8          4          0          0          0          0   entry2.o
         4          0          0          0          0          0   entry5.o
         0          0          0          0          0          0   entry7b.o
         0          0          0          0          0          0   entry8b.o
         8          4          0          0          0          0   entry9a.o
        30          0          0          0          0          0   handlers.o
        36          8          0          0          0         68   init.o
         0          0          0          0          0          0   iusefp.o
        30          0          0          0          0         68   llshl.o
        36          0          0          0          0         68   llsshr.o
        32          0          0          0          0         68   llushr.o
        56          0          0          0          0         88   d2f.o
       334          0          0          0          0        148   dadd.o
       222          0          0          0          0        100   ddiv.o
       186          0          0          0          0        176   depilogue.o
       228          0          0          0          0         96   dmul.o
        38          0          0          0          0         68   f2d.o
       110          0          0          0          0        168   fepilogue.o

    ----------------------------------------------------------------------
      2994        194        160          0          0       2432   Library Totals
         4          0          0          0          0          0   (incl. Padding)

    ----------------------------------------------------------------------

      Code (inc. data)   RO Data    RW Data    ZI Data      Debug   Library Name

      1632        178        160          0          0       1316   m_wm.l
       184         16          0          0          0        272   mc_w.l
      1174          0          0          0          0        844   mf_w.l

    ----------------------------------------------------------------------
      2994        194        160          0          0       2432   Library Totals

    ----------------------------------------------------------------------

==============================================================================


      Code (inc. data)   RO Data    RW Data    ZI Data      Debug   

     10420        570        620         40       1496     404771   Grand Totals
     10420        570        620         40       1496     404771   ELF Image Totals
     10420        570        620         40          0          0   ROM Totals

==============================================================================

    Total RO  Size (Code + RO Data)                11040 (  10.78kB)
    Total RW  Size (RW Data + ZI Data)              1536 (   1.50kB)
    Total ROM Size (Code + RO Data + RW Data)      11080 (  10.82kB)

==============================================================================

