<html>
<body>
<pre>
<h1>礦ision Build Log</h1>
<h2>Tool Versions:</h2>
IDE-Version: μVision V5.15
Copyright (C) 2015 ARM Ltd and ARM Germany GmbH. All rights reserved.
License Information: rong Microsoft, Microsoft, LIC=QF8SB-294TV-H8DFS-LVAM9-L22W4-Q2LSY
 
Tool Versions:
Toolchain:       MDK-ARM Standard  Version: 5.15.0
Toolchain Path:  G:\stm32\Keil_v5\ARM\ARMCC\Bin
C Compiler:      Armcc.exe V5.05 update 2 (build 169)
Assembler:       Armasm.exe V5.05 update 2 (build 169)
Linker/Locator:  ArmLink.exe V5.05 update 2 (build 169)
Library Manager: ArmAr.exe V5.05 update 2 (build 169)
Hex Converter:   FromElf.exe V5.05 update 2 (build 169)
CPU DLL:         SARMCM3.DLL V5.15.0
Dialog DLL:      DCM.DLL V1.13.2.0
Target DLL:      CMSIS_AGDI.dll V1.21.12.0
Dialog DLL:      TCM.DLL V1.14.5.0
 
<h2>Project:</h2>
G:\stm32\自己的工程文件\万能模板（请复制使用）\USART串口通信\超级终端串口控制程序\Template.uvprojx
Project File Date:  10/31/2018

<h2>Output:</h2>
*** Using Compiler 'V5.05 update 2 (build 169)', folder: 'G:\stm32\Keil_v5\ARM\ARMCC\Bin'
Build target 'Target 1'
compiling usart.c...
linking...
Program Size: Code=3276 RO-data=336 RW-data=28 ZI-data=1228  
FromELF: creating hex file...
".\Obj\Output\Template.axf" - 0 Error(s), 0 Warning(s).

<h2>Collection of Component include folders:</h2>
  G:\stm32\自己的工程文件\万能模板（请复制使用）\USART串口通信\超级终端串口控制程序\RTE
  G:\stm32\Keil_v5\ARM\PACK\Keil\STM32F1xx_DFP\2.0.0\Device\Include

<h2>Collection of Component Files used:</h2>
</pre>
</body>
</html>
